******************************************************************************
             TMS320C2000 Linker PC v18.12.1                    
******************************************************************************
>> Linked Tue Sep 15 22:34:39 2020

OUTPUT FILE NAME:   <J150.out>
ENTRY POINT SYMBOL: "_c_int00"  address: 0033a566


MEMORY CONFIGURATION

         name            origin    length      used     unused   attr    fill
----------------------  --------  ---------  --------  --------  ----  --------
PAGE 0:
  ZONE0                 00004000   00001000  00000000  00001000  RWIX
  RAML0                 00008000   00001000  00000262  00000d9e  RWIX
  RAML1                 00009000   00001000  00000000  00001000  RWIX
  RAML2                 0000a000   00001000  00000000  00001000  RWIX
  RAML3                 0000b000   00001000  00000000  00001000  RWIX
  ZONE6                 00100000   00100000  00000000  00100000  RWIX
  ZONE7A                00200000   0000fc00  00000000  0000fc00  RWIX
  FLASHH                00300000   00008000  00000243  00007dbd  RWIX
  FLASHG                00308000   00008000  00000000  00008000  RWIX
  FLASHF                00310000   00008000  00000000  00008000  RWIX
  FLASHE                00318000   00008000  00000000  00008000  RWIX
  FLASHD                00320000   00008000  0000001f  00007fe1  RWIX
  FLASHC                00328000   00008000  00000000  00008000  RWIX
  FLASHA                00338000   00007f80  00002f59  00005027  RWIX
  CSM_RSVD              0033ff80   00000076  00000000  00000076  RWIX
  BEGIN                 0033fff6   00000002  00000002  00000000  RWIX
  CSM_PWL               0033fff8   00000008  00000000  00000008  RWIX
  ADC_CAL               00380080   00000009  00000007  00000002  RWIX
  OTP                   00380400   00000400  00000000  00000400  RWIX
  IQTABLES              003fe000   00000b50  00000000  00000b50  RWIX
  IQTABLES2             003feb50   0000008c  00000000  0000008c  RWIX
  FPUTABLES             003febdc   000006a0  00000000  000006a0  RWIX
  ROM                   003ff27c   00000d44  00000000  00000d44  RWIX
  RESET                 003fffc0   00000002  00000000  00000002  RWIX
  VECTORS               003fffc2   0000003e  00000000  0000003e  RWIX

PAGE 1:
  BOOT_RSVD             00000000   00000050  00000000  00000050  RWIX
  RAMM0                 00000050   000003b0  00000000  000003b0  RWIX
  RAMM1                 00000400   00000400  00000300  00000100  RWIX
  DEV_EMU               00000880   00000180  000000d0  000000b0  RWIX
  FLASH_REGS            00000a80   00000060  00000008  00000058  RWIX
  CSM                   00000ae0   00000010  00000010  00000000  RWIX
  ADC_MIRROR            00000b00   00000010  00000010  00000000  RWIX
  XINTF                 00000b20   00000020  0000001e  00000002  RWIX
  CPU_TIMER0            00000c00   00000008  00000008  00000000  RWIX
  CPU_TIMER1            00000c08   00000008  00000008  00000000  RWIX
  CPU_TIMER2            00000c10   00000008  00000008  00000000  RWIX
  PIE_CTRL              00000ce0   00000020  0000001a  00000006  RWIX
  PIE_VECT              00000d00   00000100  00000100  00000000  RWIX
  DMA                   00001000   00000200  000000e0  00000120  RWIX
  MCBSPA                00005000   00000040  00000025  0000001b  RWIX
  MCBSPB                00005040   00000040  00000025  0000001b  RWIX
  ECANA                 00006000   00000040  00000034  0000000c  RWIX
  ECANA_LAM             00006040   00000040  00000040  00000000  RWIX
  ECANA_MOTS            00006080   00000040  00000040  00000000  RWIX
  ECANA_MOTO            000060c0   00000040  00000040  00000000  RWIX
  ECANA_MBOX            00006100   00000100  00000100  00000000  RWIX
  ECANB                 00006200   00000040  00000034  0000000c  RWIX
  ECANB_LAM             00006240   00000040  00000040  00000000  RWIX
  ECANB_MOTS            00006280   00000040  00000040  00000000  RWIX
  ECANB_MOTO            000062c0   00000040  00000040  00000000  RWIX
  ECANB_MBOX            00006300   00000100  00000100  00000000  RWIX
  EPWM1                 00006800   00000022  00000022  00000000  RWIX
  EPWM2                 00006840   00000022  00000022  00000000  RWIX
  EPWM3                 00006880   00000022  00000022  00000000  RWIX
  EPWM4                 000068c0   00000022  00000022  00000000  RWIX
  EPWM5                 00006900   00000022  00000022  00000000  RWIX
  EPWM6                 00006940   00000022  00000022  00000000  RWIX
  ECAP1                 00006a00   00000020  00000020  00000000  RWIX
  ECAP2                 00006a20   00000020  00000020  00000000  RWIX
  ECAP3                 00006a40   00000020  00000020  00000000  RWIX
  ECAP4                 00006a60   00000020  00000020  00000000  RWIX
  ECAP5                 00006a80   00000020  00000020  00000000  RWIX
  ECAP6                 00006aa0   00000020  00000020  00000000  RWIX
  EQEP1                 00006b00   00000040  00000040  00000000  RWIX
  EQEP2                 00006b40   00000040  00000040  00000000  RWIX
  GPIOCTRL              00006f80   00000040  0000002e  00000012  RWIX
  GPIODAT               00006fc0   00000020  00000020  00000000  RWIX
  GPIOINT               00006fe0   00000020  0000000a  00000016  RWIX
  SYSTEM                00007010   00000020  00000020  00000000  RWIX
  SPIA                  00007040   00000010  00000010  00000000  RWIX
  SCIA                  00007050   00000010  00000010  00000000  RWIX
  XINTRUPT              00007070   00000010  00000010  00000000  RWIX
  ADC                   00007100   00000020  0000001e  00000002  RWIX
  SCIB                  00007750   00000010  00000010  00000000  RWIX
  SCIC                  00007770   00000010  00000010  00000000  RWIX
  I2CA                  00007900   00000040  00000022  0000001e  RWIX
  RAML4                 0000c000   00001500  00000654  00000eac  RWIX
  RAML5                 0000d500   00000500  00000000  00000500  RWIX
  RAML6                 0000e000   00001000  00000000  00001000  RWIX
  RAML7                 0000f000   00001000  00000000  00001000  RWIX
  ZONE7B                0020fc00   00000400  00000000  00000400  RWIX
  FLASHB                00330000   00008000  00000000  00008000  RWIX
  CSM_PWL               0033fff8   00000008  00000008  00000000  RWIX
  PARTID                00380090   00000001  00000001  00000000  RWIX


SECTION ALLOCATION MAP

 output                                  attributes/
section   page    origin      length       input sections
--------  ----  ----------  ----------   ----------------
Flash28_API 
*          0    00300000    00000243     RUN ADDR = 00008000
                  00300000    000000aa     Flash28335_API_V210.lib : Flash28_Prog.obj (.text)
                  003000aa    00000084                             : Flash28_Internals.obj (.text)
                  0030012e    00000080                             : Flash28_Prog_Pulse.obj (.text)
                  003001ae    00000044                             : Flash28_Verify.obj (.text)
                  003001f2    00000029                             : Flash28_Init.obj (.text)
                  0030021b    00000014                             : Flash28_Utils.obj (.text)
                  0030022f    0000000d                             : Flash28_Delay.obj (.text)
                  0030023c    00000007                             : Flash28_DisInt.obj (.text)

ramfuncs   0    00320000    0000001f     RUN ADDR = 00008243
                  00320000    0000001b     DSP2833x_SysCtrl.obj (ramfuncs)
                  0032001b    00000004     DSP2833x_usDelay.obj (ramfuncs)

.econst    0    0033a7b8    0000063c     
                  0033a7b8    00000400     sin_table.obj (.econst:_SDC_Sin_Tbl)
                  0033abb8    00000100     DSP2833x_PieVect.obj (.econst:_PieVectTableInit)
                  0033acb8    000000b0     pf_gpio_cfg.obj (.econst:_SDB_CfgGPIOHdlTbl)
                  0033ad68    0000003c     adc_service.obj (.econst:_SDB_SingleAnologMaxMinInit)
                  0033ada4    0000001e     adc_service.obj (.econst:_SDB_SingleAdUVTBL)
                  0033adc2    00000018     pf_pwm_cfg.obj (.econst:_SDB_CfgPwmHdlTbl)
                  0033adda    00000008     sci_protocal.obj (.econst:_SDB_MsgFuncTbl)
                  0033ade2    00000006     pf_sci_cfg.obj (.econst:_SDB_CfgSCIHdlTbl)
                  0033ade8    00000004     pf_timer_cfg.obj (.econst:_SDB_CfgTimerHdlTbl)
                  0033adec    00000002     pf_adc_cfg.obj (.econst:_SDB_CfgAdcHdlTbl)
                  0033adee    00000002     pf_interrupt_cfg.obj (.econst:_SDB_CfgInterruptHdlTbl)
                  0033adf0    00000002     pf_spi_cfg.obj (.econst:_SDB_CfgSpiHdlTbl)
                  0033adf2    00000002     pf_xintf_cfg.obj (.econst:_SDB_CfgXintfHdlTbl)

.cinit     0    0033adf4    00000165     
                  0033adf4    0000002e     sci_protocal.obj (.cinit)
                  0033ae22    0000002b     main.obj (.cinit:_CfgGpioTbl_User)
                  0033ae4d    00000022     main.obj (.cinit)
                  0033ae6f    0000001d     timer0_isr.obj (.cinit)
                  0033ae8c    0000001b     main.obj (.cinit:_CfgPwmTbl_User)
                  0033aea7    00000014     position_ssi_service.obj (.cinit)
                  0033aebb    0000000e     arinc429_service.obj (.cinit:_arinc429)
                  0033aec9    0000000e     kalman_service.obj (.cinit)
                  0033aed7    0000000e     rts2800_fpu32.lib : exit.c.obj (.cinit)
                  0033aee5    0000000a     Flash28335_API_V210.lib : Flash28_Globals.obj (.cinit)
                  0033aeef    0000000a     sys_state_service.obj (.cinit)
                  0033aef9    00000009     main.obj (.cinit:_CfgTimerTbl_User)
                  0033af02    00000008     main.obj (.cinit:_CfgInterruptTbl_User)
                  0033af0a    00000008     main.obj (.cinit:_CfgSciTbl_User)
                  0033af12    00000008     main.obj (.cinit:_CfgXintfTbl_User)
                  0033af1a    00000008     spwm_service.obj (.cinit)
                  0033af22    00000007     main.obj (.cinit:_CfgSpiTbl_User)
                  0033af29    00000007     rvdt_service.obj (.cinit:_gTest)
                  0033af30    00000005     rts2800_fpu32.lib : _lock.c.obj (.cinit:__lock)
                  0033af35    00000005                       : _lock.c.obj (.cinit:__unlock)
                  0033af3a    00000005     rvdt_service.obj (.cinit)
                  0033af3f    00000004     main.obj (.cinit:_CfgAdcTbl_User)
                  0033af43    00000004     sci_protocal.obj (.cinit:_gRx422TxEnableFlag)
                  0033af47    00000004     sci_protocal.obj (.cinit:_rs422rxPack)
                  0033af4b    00000004     adc_service.obj (.cinit)
                  0033af4f    00000004     arinc429_service.obj (.cinit)
                  0033af53    00000004     rts2800_fpu32.lib : memory.c.obj (.cinit)
                  0033af57    00000002     --HOLE-- [fill = 0]

DevEmuRegsFile 
*          1    00000880    000000d0     UNINITIALIZED
                  00000880    000000d0     DSP2833x_GlobalVariableDefs.obj (DevEmuRegsFile)

FlashRegsFile 
*          1    00000a80    00000008     UNINITIALIZED
                  00000a80    00000008     DSP2833x_GlobalVariableDefs.obj (FlashRegsFile)

CsmRegsFile 
*          1    00000ae0    00000010     UNINITIALIZED
                  00000ae0    00000010     DSP2833x_GlobalVariableDefs.obj (CsmRegsFile)

AdcMirrorFile 
*          1    00000b00    00000010     UNINITIALIZED
                  00000b00    00000010     DSP2833x_GlobalVariableDefs.obj (AdcMirrorFile)

XintfRegsFile 
*          1    00000b20    0000001e     UNINITIALIZED
                  00000b20    0000001e     DSP2833x_GlobalVariableDefs.obj (XintfRegsFile)

CpuTimer0RegsFile 
*          1    00000c00    00000008     UNINITIALIZED
                  00000c00    00000008     DSP2833x_GlobalVariableDefs.obj (CpuTimer0RegsFile)

CpuTimer1RegsFile 
*          1    00000c08    00000008     UNINITIALIZED
                  00000c08    00000008     DSP2833x_GlobalVariableDefs.obj (CpuTimer1RegsFile)

CpuTimer2RegsFile 
*          1    00000c10    00000008     UNINITIALIZED
                  00000c10    00000008     DSP2833x_GlobalVariableDefs.obj (CpuTimer2RegsFile)

PieCtrlRegsFile 
*          1    00000ce0    0000001a     UNINITIALIZED
                  00000ce0    0000001a     DSP2833x_GlobalVariableDefs.obj (PieCtrlRegsFile)

PieVectTableFile 
*          1    00000d00    00000100     UNINITIALIZED
                  00000d00    00000100     DSP2833x_GlobalVariableDefs.obj (PieVectTableFile)

DmaRegsFile 
*          1    00001000    000000e0     UNINITIALIZED
                  00001000    000000e0     DSP2833x_GlobalVariableDefs.obj (DmaRegsFile)

McbspaRegsFile 
*          1    00005000    00000025     UNINITIALIZED
                  00005000    00000025     DSP2833x_GlobalVariableDefs.obj (McbspaRegsFile)

McbspbRegsFile 
*          1    00005040    00000025     UNINITIALIZED
                  00005040    00000025     DSP2833x_GlobalVariableDefs.obj (McbspbRegsFile)

ECanaRegsFile 
*          1    00006000    00000034     UNINITIALIZED
                  00006000    00000034     DSP2833x_GlobalVariableDefs.obj (ECanaRegsFile)

ECanaLAMRegsFile 
*          1    00006040    00000040     UNINITIALIZED
                  00006040    00000040     DSP2833x_GlobalVariableDefs.obj (ECanaLAMRegsFile)

ECanaMOTSRegsFile 
*          1    00006080    00000040     UNINITIALIZED
                  00006080    00000040     DSP2833x_GlobalVariableDefs.obj (ECanaMOTSRegsFile)

ECanaMOTORegsFile 
*          1    000060c0    00000040     UNINITIALIZED
                  000060c0    00000040     DSP2833x_GlobalVariableDefs.obj (ECanaMOTORegsFile)

ECanaMboxesFile 
*          1    00006100    00000100     UNINITIALIZED
                  00006100    00000100     DSP2833x_GlobalVariableDefs.obj (ECanaMboxesFile)

ECanbRegsFile 
*          1    00006200    00000034     UNINITIALIZED
                  00006200    00000034     DSP2833x_GlobalVariableDefs.obj (ECanbRegsFile)

ECanbLAMRegsFile 
*          1    00006240    00000040     UNINITIALIZED
                  00006240    00000040     DSP2833x_GlobalVariableDefs.obj (ECanbLAMRegsFile)

ECanbMOTSRegsFile 
*          1    00006280    00000040     UNINITIALIZED
                  00006280    00000040     DSP2833x_GlobalVariableDefs.obj (ECanbMOTSRegsFile)

ECanbMOTORegsFile 
*          1    000062c0    00000040     UNINITIALIZED
                  000062c0    00000040     DSP2833x_GlobalVariableDefs.obj (ECanbMOTORegsFile)

ECanbMboxesFile 
*          1    00006300    00000100     UNINITIALIZED
                  00006300    00000100     DSP2833x_GlobalVariableDefs.obj (ECanbMboxesFile)

EPwm1RegsFile 
*          1    00006800    00000022     UNINITIALIZED
                  00006800    00000022     DSP2833x_GlobalVariableDefs.obj (EPwm1RegsFile)

EPwm2RegsFile 
*          1    00006840    00000022     UNINITIALIZED
                  00006840    00000022     DSP2833x_GlobalVariableDefs.obj (EPwm2RegsFile)

EPwm3RegsFile 
*          1    00006880    00000022     UNINITIALIZED
                  00006880    00000022     DSP2833x_GlobalVariableDefs.obj (EPwm3RegsFile)

EPwm4RegsFile 
*          1    000068c0    00000022     UNINITIALIZED
                  000068c0    00000022     DSP2833x_GlobalVariableDefs.obj (EPwm4RegsFile)

EPwm5RegsFile 
*          1    00006900    00000022     UNINITIALIZED
                  00006900    00000022     DSP2833x_GlobalVariableDefs.obj (EPwm5RegsFile)

EPwm6RegsFile 
*          1    00006940    00000022     UNINITIALIZED
                  00006940    00000022     DSP2833x_GlobalVariableDefs.obj (EPwm6RegsFile)

ECap1RegsFile 
*          1    00006a00    00000020     UNINITIALIZED
                  00006a00    00000020     DSP2833x_GlobalVariableDefs.obj (ECap1RegsFile)

ECap2RegsFile 
*          1    00006a20    00000020     UNINITIALIZED
                  00006a20    00000020     DSP2833x_GlobalVariableDefs.obj (ECap2RegsFile)

ECap3RegsFile 
*          1    00006a40    00000020     UNINITIALIZED
                  00006a40    00000020     DSP2833x_GlobalVariableDefs.obj (ECap3RegsFile)

ECap4RegsFile 
*          1    00006a60    00000020     UNINITIALIZED
                  00006a60    00000020     DSP2833x_GlobalVariableDefs.obj (ECap4RegsFile)

ECap5RegsFile 
*          1    00006a80    00000020     UNINITIALIZED
                  00006a80    00000020     DSP2833x_GlobalVariableDefs.obj (ECap5RegsFile)

ECap6RegsFile 
*          1    00006aa0    00000020     UNINITIALIZED
                  00006aa0    00000020     DSP2833x_GlobalVariableDefs.obj (ECap6RegsFile)

EQep1RegsFile 
*          1    00006b00    00000040     UNINITIALIZED
                  00006b00    00000040     DSP2833x_GlobalVariableDefs.obj (EQep1RegsFile)

EQep2RegsFile 
*          1    00006b40    00000040     UNINITIALIZED
                  00006b40    00000040     DSP2833x_GlobalVariableDefs.obj (EQep2RegsFile)

GpioCtrlRegsFile 
*          1    00006f80    0000002e     UNINITIALIZED
                  00006f80    0000002e     DSP2833x_GlobalVariableDefs.obj (GpioCtrlRegsFile)

GpioDataRegsFile 
*          1    00006fc0    00000020     UNINITIALIZED
                  00006fc0    00000020     DSP2833x_GlobalVariableDefs.obj (GpioDataRegsFile)

GpioIntRegsFile 
*          1    00006fe0    0000000a     UNINITIALIZED
                  00006fe0    0000000a     DSP2833x_GlobalVariableDefs.obj (GpioIntRegsFile)

SysCtrlRegsFile 
*          1    00007010    00000020     UNINITIALIZED
                  00007010    00000020     DSP2833x_GlobalVariableDefs.obj (SysCtrlRegsFile)

SpiaRegsFile 
*          1    00007040    00000010     UNINITIALIZED
                  00007040    00000010     DSP2833x_GlobalVariableDefs.obj (SpiaRegsFile)

SciaRegsFile 
*          1    00007050    00000010     UNINITIALIZED
                  00007050    00000010     DSP2833x_GlobalVariableDefs.obj (SciaRegsFile)

XIntruptRegsFile 
*          1    00007070    00000010     UNINITIALIZED
                  00007070    00000010     DSP2833x_GlobalVariableDefs.obj (XIntruptRegsFile)

AdcRegsFile 
*          1    00007100    0000001e     UNINITIALIZED
                  00007100    0000001e     DSP2833x_GlobalVariableDefs.obj (AdcRegsFile)

ScibRegsFile 
*          1    00007750    00000010     UNINITIALIZED
                  00007750    00000010     DSP2833x_GlobalVariableDefs.obj (ScibRegsFile)

ScicRegsFile 
*          1    00007770    00000010     UNINITIALIZED
                  00007770    00000010     DSP2833x_GlobalVariableDefs.obj (ScicRegsFile)

I2caRegsFile 
*          1    00007900    00000022     UNINITIALIZED
                  00007900    00000022     DSP2833x_GlobalVariableDefs.obj (I2caRegsFile)

CsmPwlFile 
*          1    0033fff8    00000008     UNINITIALIZED
                  0033fff8    00000008     DSP2833x_GlobalVariableDefs.obj (CsmPwlFile)

PartIdRegsFile 
*          1    00380090    00000001     UNINITIALIZED
                  00380090    00000001     DSP2833x_GlobalVariableDefs.obj (PartIdRegsFile)

.pinit     0    00338000    00000000     UNINITIALIZED

.text      0    00338000    000027b8     
                  00338000    00000534     sci_protocal.obj (.text)
                  00338534    000004f2     pf_gpio_cfg.obj (.text)
                  00338a26    0000047f     DSP2833x_DefaultIsr.obj (.text:retain)
                  00338ea5    00000350     pf_pwm_cfg.obj (.text)
                  003391f5    00000266     rts2800_fpu32.lib : memory.c.obj (.text)
                  0033945b    00000203     spwm_service.obj (.text)
                  0033965e    000001ca     arinc429_service.obj (.text)
                  00339828    0000018d     pf_sci_cfg.obj (.text)
                  003399b5    00000150     main.obj (.text)
                  00339b05    0000014a     adc_service.obj (.text)
                  00339c4f    0000013b     sci_service.obj (.text)
                  00339d8a    00000112     DSP2833x_SysCtrl.obj (.text)
                  00339e9c    000000cc     pf_xintf_cfg.obj (.text)
                  00339f68    000000a5     pf_adc_cfg.obj (.text)
                  0033a00d    0000009f     DSP2833x_Xintf.obj (.text)
                  0033a0ac    0000009f     sci_queue.obj (.text)
                  0033a14b    0000009f     sys_state_service.obj (.text)
                  0033a1ea    00000090     DSP2833x_PieCtrl.obj (.text)
                  0033a27a    00000088     pf_spi_cfg.obj (.text)
                  0033a302    00000088     rts2800_fpu32.lib : fs_div28.asm.obj (.text)
                  0033a38a    00000084     pf_interrupt_cfg.obj (.text)
                  0033a40e    00000082     timer0_isr.obj (.text)
                  0033a490    0000007b     DSP2833x_CpuTimers.obj (.text)
                  0033a50b    0000005b     DSP2833x_Adc.obj (.text)
                  0033a566    00000056     rts2800_fpu32.lib : boot28.asm.obj (.text)
                  0033a5bc    00000055     pf_timer_cfg.obj (.text)
                  0033a611    0000002d     rvdt_service.obj (.text)
                  0033a63e    0000002a     rts2800_fpu32.lib : l_div28.asm.obj (.text)
                  0033a668    00000029                       : exit.c.obj (.text)
                  0033a691    00000024                       : cpy_tbl.c.obj (.text)
                  0033a6b5    00000022                       : i_div28.asm.obj (.text)
                  0033a6d7    00000020     DSP2833x_PieVect.obj (.text)
                  0033a6f7    0000001e     rts2800_fpu32.lib : ll_cmp28.asm.obj (.text)
                  0033a715    0000001d                       : memcpy.c.obj (.text)
                  0033a732    00000019                       : args_main.c.obj (.text)
                  0033a74b    00000013     DSP2833x_MemCopy.obj (.text)
                  0033a75e    0000000f     flash_hal.obj (.text)
                  0033a76d    0000000c     rts2800_fpu32.lib : memset.c.obj (.text)
                  0033a779    0000000b                       : u_div28.asm.obj (.text)
                  0033a784    00000009                       : _lock.c.obj (.text)
                  0033a78d    00000008     DSP2833x_CodeStartBranch.obj (.text)
                  0033a795    00000008     sci_rx_isr.obj (.text)
                  0033a79d    00000008     sci_tx_isr.obj (.text)
                  0033a7a5    00000007     DSP2833x_DisInt.obj (.text)
                  0033a7ac    00000005     pwm_isr.obj (.text)
                  0033a7b1    00000003     DSP2833x_DBGIER.obj (.text)
                  0033a7b4    00000002     rts2800_fpu32.lib : pre_init.c.obj (.text)
                  0033a7b6    00000001                       : startup.c.obj (.text)
                  0033a7b7    00000001     timer1_isr.obj (.text)

codestart 
*          0    0033fff6    00000002     
                  0033fff6    00000002     DSP2833x_CodeStartBranch.obj (codestart)

.stack     1    00000400    00000300     UNINITIALIZED
                  00000400    00000300     --HOLE--

.esysmem   1    0000c000    00000400     UNINITIALIZED
                  0000c000    00000004     rts2800_fpu32.lib : memory.c.obj (.esysmem)
                  0000c004    000003fc     --HOLE--

.ebss      1    0000c400    00000254     UNINITIALIZED
                  0000c400    000000e8     adc_service.obj (.ebss)
                  0000c4e8    00000018     DSP2833x_CpuTimers.obj (.ebss)
                  0000c500    00000064     sci_protocal.obj (.ebss:_rs422rxPack)
                  0000c564    00000018     main.obj (.ebss:_CfgPwmTbl_User)
                  0000c57c    00000004     DSP2833x_DMA.obj (.ebss)
                  0000c580    00000028     main.obj (.ebss:_CfgGpioTbl_User)
                  0000c5a8    00000010     sci_protocal.obj (.ebss)
                  0000c5b8    00000008     sci_protocal.obj (.ebss:_gRx422TxEnableFlag)
                  0000c5c0    0000001e     position_ssi_service.obj (.ebss)
                  0000c5de    0000000f     spwm_service.obj (.ebss)
                  0000c5ed    00000001     main.obj (.ebss:_CfgAdcTbl_User)
                  0000c5ee    0000000c     timer0_isr.obj (.ebss)
                  0000c5fa    00000006     main.obj (.ebss:_CfgTimerTbl_User)
                  0000c600    0000000b     arinc429_service.obj (.ebss:_arinc429)
                  0000c60b    00000001     --HOLE--
                  0000c60c    0000000a     main.obj (.ebss)
                  0000c616    00000009     sys_state_service.obj (.ebss)
                  0000c61f    00000001     --HOLE--
                  0000c620    00000006     kalman_service.obj (.ebss)
                  0000c626    00000006     rts2800_fpu32.lib : exit.c.obj (.ebss)
                  0000c62c    00000005     main.obj (.ebss:_CfgInterruptTbl_User)
                  0000c631    00000005     main.obj (.ebss:_CfgSciTbl_User)
                  0000c636    00000005     main.obj (.ebss:_CfgXintfTbl_User)
                  0000c63b    00000001     --HOLE--
                  0000c63c    00000004     Flash28335_API_V210.lib : Flash28_Globals.obj (.ebss)
                  0000c640    00000004     main.obj (.ebss:_CfgSpiTbl_User)
                  0000c644    00000004     rvdt_service.obj (.ebss:_gTest)
                  0000c648    00000004     rts2800_fpu32.lib : memory.c.obj (.ebss)
                  0000c64c    00000002                       : _lock.c.obj (.ebss:__lock)
                  0000c64e    00000002                       : _lock.c.obj (.ebss:__unlock)
                  0000c650    00000002     arinc429_service.obj (.ebss)
                  0000c652    00000002     rvdt_service.obj (.ebss)

.reset     0    003fffc0    00000002     DSECT
                  003fffc0    00000002     rts2800_fpu32.lib : boot28.asm.obj (.reset)

vectors    0    003fffc2    00000000     DSECT

.adc_cal   0    00380080    00000007     NOLOAD SECTION
                  00380080    00000007     DSP2833x_ADC_cal.obj (.adc_cal)

MODULE SUMMARY

       Module                            code    initialized data   uninitialized data
       ------                            ----    ----------------   ------------------
    .\platform\pfal\cfg\src\
       pf_gpio_cfg.obj                   1266    176                0                 
       pf_pwm_cfg.obj                    848     24                 0                 
       pf_sci_cfg.obj                    397     6                  0                 
       pf_xintf_cfg.obj                  204     2                  0                 
       pf_adc_cfg.obj                    165     2                  0                 
       pf_spi_cfg.obj                    136     2                  0                 
       pf_interrupt_cfg.obj              132     2                  0                 
       pf_timer_cfg.obj                  85      4                  0                 
    +--+---------------------------------+-------+------------------+--------------------+
       Total:                            3233    218                0                 
                                                                                      
    .\platform\pfal\hal\src\
       flash_hal.obj                     15      0                  0                 
    +--+---------------------------------+-------+------------------+--------------------+
       Total:                            15      0                  0                 
                                                                                      
    .\platform\pfal\isr\src\
       timer0_isr.obj                    130     29                 12                
       sci_rx_isr.obj                    8       0                  0                 
       sci_tx_isr.obj                    8       0                  0                 
       pwm_isr.obj                       5       0                  0                 
       timer1_isr.obj                    1       0                  0                 
    +--+---------------------------------+-------+------------------+--------------------+
       Total:                            152     29                 12                
                                                                                      
    .\services\adc_service\src\
       adc_service.obj                   330     94                 232               
    +--+---------------------------------+-------+------------------+--------------------+
       Total:                            330     94                 232               
                                                                                      
    .\services\algorithm_service\src\
       sin_table.obj                     0       1024               0                 
       spwm_service.obj                  515     8                  15                
       kalman_service.obj                0       14                 6                 
    +--+---------------------------------+-------+------------------+--------------------+
       Total:                            515     1046               21                
                                                                                      
    .\services\arinc429\src\
       arinc429_service.obj              458     18                 13                
    +--+---------------------------------+-------+------------------+--------------------+
       Total:                            458     18                 13                
                                                                                      
    .\services\sci_service\src\
       sci_protocal.obj                  1332    62                 124               
       sci_service.obj                   315     0                  0                 
       sci_queue.obj                     159     0                  0                 
    +--+---------------------------------+-------+------------------+--------------------+
       Total:                            1806    62                 124               
                                                                                      
    .\services\sensor_service\src\
       rvdt_service.obj                  45      12                 6                 
       position_ssi_service.obj          0       20                 30                
    +--+---------------------------------+-------+------------------+--------------------+
       Total:                            45      32                 36                
                                                                                      
    .\services\sys_service\src\
       sys_state_service.obj             159     10                 9                 
    +--+---------------------------------+-------+------------------+--------------------+
       Total:                            159     10                 9                 
                                                                                      
    .\user\src\
       main.obj                          336     148                100               
    +--+---------------------------------+-------+------------------+--------------------+
       Total:                            336     148                100               
                                                                                      
    .\user_lib\asm\
       DSP2833x_CodeStartBranch.obj      10      0                  0                 
       DSP2833x_usDelay.obj              8       0                  0                 
       DSP2833x_ADC_cal.obj              7       0                  0                 
       DSP2833x_DisInt.obj               7       0                  0                 
       DSP2833x_DBGIER.obj               3       0                  0                 
    +--+---------------------------------+-------+------------------+--------------------+
       Total:                            35      0                  0                 
                                                                                      
    .\user_lib\src\
       DSP2833x_GlobalVariableDefs.obj   0       0                  2679              
       DSP2833x_DefaultIsr.obj           1151    0                  0                 
       DSP2833x_SysCtrl.obj              328     0                  0                 
       DSP2833x_PieVect.obj              32      256                0                 
       DSP2833x_Xintf.obj                159     0                  0                 
       DSP2833x_CpuTimers.obj            123     0                  24                
       DSP2833x_PieCtrl.obj              144     0                  0                 
       DSP2833x_Adc.obj                  91      0                  0                 
       DSP2833x_MemCopy.obj              19      0                  0                 
       DSP2833x_DMA.obj                  0       0                  4                 
    +--+---------------------------------+-------+------------------+--------------------+
       Total:                            2047    256                2707              
                                                                                      
    ../user_lib/Flash28335_API_V210/Lib/Flash28335_API_V210.lib
       Flash28_Prog.obj                  340     0                  0                 
       Flash28_Internals.obj             264     0                  0                 
       Flash28_Prog_Pulse.obj            256     0                  0                 
       Flash28_Verify.obj                136     0                  0                 
       Flash28_Init.obj                  82      0                  0                 
       Flash28_Utils.obj                 40      0                  0                 
       Flash28_Delay.obj                 26      0                  0                 
       Flash28_DisInt.obj                14      0                  0                 
       Flash28_Globals.obj               0       10                 4                 
    +--+---------------------------------+-------+------------------+--------------------+
       Total:                            1158    10                 4                 
                                                                                      
    C:\ti\ccs901\ccs\tools\compiler\ti-cgt-c2000_18.12.1.LTS\lib\rts2800_fpu32.lib
       memory.c.obj                      614     4                  4                 
       fs_div28.asm.obj                  136     0                  0                 
       boot28.asm.obj                    86      0                  0                 
       exit.c.obj                        41      14                 6                 
       l_div28.asm.obj                   42      0                  0                 
       cpy_tbl.c.obj                     36      0                  0                 
       i_div28.asm.obj                   34      0                  0                 
       ll_cmp28.asm.obj                  30      0                  0                 
       memcpy.c.obj                      29      0                  0                 
       args_main.c.obj                   25      0                  0                 
       _lock.c.obj                       9       10                 4                 
       memset.c.obj                      12      0                  0                 
       u_div28.asm.obj                   11      0                  0                 
       pre_init.c.obj                    2       0                  0                 
       startup.c.obj                     1       0                  0                 
    +--+---------------------------------+-------+------------------+--------------------+
       Total:                            1108    28                 14                
                                                                                      
       Heap:                             0       0                  1024              
       Stack:                            0       0                  768               
    +--+---------------------------------+-------+------------------+--------------------+
       Grand Total:                      11397   1951               5064              


GLOBAL DATA SYMBOLS: SORTED BY DATA PAGE

address     data page           name
--------    ----------------    ----
00000400      10 (00000400)     __stack

00000880      22 (00000880)     _DevEmuRegs

00000a80      2a (00000a80)     _FlashRegs

00000ae0      2b (00000ac0)     _CsmRegs

00000b00      2c (00000b00)     _AdcMirror
00000b20      2c (00000b00)     _XintfRegs

00000c00      30 (00000c00)     _CpuTimer0Regs
00000c08      30 (00000c00)     _CpuTimer1Regs
00000c10      30 (00000c00)     _CpuTimer2Regs

00000ce0      33 (00000cc0)     _PieCtrlRegs

00000d00      34 (00000d00)     _PieVectTable

00001000      40 (00001000)     _DmaRegs

00005000     140 (00005000)     _McbspaRegs

00005040     141 (00005040)     _McbspbRegs

00006000     180 (00006000)     _ECanaRegs

00006040     181 (00006040)     _ECanaLAMRegs

00006080     182 (00006080)     _ECanaMOTSRegs

000060c0     183 (000060c0)     _ECanaMOTORegs

00006100     184 (00006100)     _ECanaMboxes

00006200     188 (00006200)     _ECanbRegs

00006240     189 (00006240)     _ECanbLAMRegs

00006280     18a (00006280)     _ECanbMOTSRegs

000062c0     18b (000062c0)     _ECanbMOTORegs

00006300     18c (00006300)     _ECanbMboxes

00006800     1a0 (00006800)     _EPwm1Regs

00006840     1a1 (00006840)     _EPwm2Regs

00006880     1a2 (00006880)     _EPwm3Regs

000068c0     1a3 (000068c0)     _EPwm4Regs

00006900     1a4 (00006900)     _EPwm5Regs

00006940     1a5 (00006940)     _EPwm6Regs

00006a00     1a8 (00006a00)     _ECap1Regs
00006a20     1a8 (00006a00)     _ECap2Regs

00006a40     1a9 (00006a40)     _ECap3Regs
00006a60     1a9 (00006a40)     _ECap4Regs

00006a80     1aa (00006a80)     _ECap5Regs
00006aa0     1aa (00006a80)     _ECap6Regs

00006b00     1ac (00006b00)     _EQep1Regs

00006b40     1ad (00006b40)     _EQep2Regs

00006f80     1be (00006f80)     _GpioCtrlRegs

00006fc0     1bf (00006fc0)     _GpioDataRegs
00006fe0     1bf (00006fc0)     _GpioIntRegs

00007010     1c0 (00007000)     _SysCtrlRegs

00007040     1c1 (00007040)     _SpiaRegs
00007050     1c1 (00007040)     _SciaRegs
00007070     1c1 (00007040)     _XIntruptRegs

00007100     1c4 (00007100)     _AdcRegs

00007750     1dd (00007740)     _ScibRegs
00007770     1dd (00007740)     _ScicRegs

00007900     1e4 (00007900)     _I2caRegs

0000c000     300 (0000c000)     __sys_memory

0000c400     310 (0000c400)     _gSysAnalogVar

0000c4e8     313 (0000c4c0)     _CpuTimer0
0000c4f0     313 (0000c4c0)     _CpuTimer1
0000c4f8     313 (0000c4c0)     _CpuTimer2

0000c500     314 (0000c500)     _rs422rxPack

0000c564     315 (0000c540)     _CfgPwmTbl_User
0000c57c     315 (0000c540)     _DMADest
0000c57e     315 (0000c540)     _DMASource

0000c580     316 (0000c580)     _CfgGpioTbl_User
0000c5a8     316 (0000c580)     _gmalloc
0000c5ac     316 (0000c580)     _gScibRxQue
0000c5ae     316 (0000c580)     _gScibTxQue
0000c5b0     316 (0000c580)     _gSciTxVar
0000c5b2     316 (0000c580)     _gRxPacketHead
0000c5b4     316 (0000c580)     _gRxPacketTail
0000c5b6     316 (0000c580)     _gRxPacketInfo
0000c5b8     316 (0000c580)     _gRx422TxEnableFlag

0000c5c4     317 (0000c5c0)     _gPositionSSIPara
0000c5de     317 (0000c5c0)     _gSwitch
0000c5df     317 (0000c5c0)     _gSpwmPara
0000c5ed     317 (0000c5c0)     _CfgAdcTbl_User
0000c5ee     317 (0000c5c0)     _gFeedWatchDogCnt
0000c5f2     317 (0000c5c0)     _gSSIDATA
0000c5f4     317 (0000c5c0)     _gSSIDATABAK
0000c5fa     317 (0000c5c0)     _CfgTimerTbl_User

0000c600     318 (0000c600)     _arinc429
0000c60c     318 (0000c600)     _gTestcount
0000c60d     318 (0000c600)     _gIsOcCnt
0000c60e     318 (0000c600)     _gtest
0000c60f     318 (0000c600)     _gP
0000c610     318 (0000c600)     _gIsOC
0000c611     318 (0000c600)     _gNoOC
0000c612     318 (0000c600)     _gtArinc429SendWord
0000c614     318 (0000c600)     _gtArinc429ReadWord
0000c616     318 (0000c600)     _gSysVersionNum
0000c618     318 (0000c600)     _Sys_hlstPtr
0000c61a     318 (0000c600)     _gSysStateFlag
0000c626     318 (0000c600)     ___TI_enable_exit_profile_output
0000c628     318 (0000c600)     ___TI_cleanup_ptr
0000c62a     318 (0000c600)     ___TI_dtors_ptr
0000c62c     318 (0000c600)     _CfgInterruptTbl_User
0000c631     318 (0000c600)     _CfgSciTbl_User
0000c636     318 (0000c600)     _CfgXintfTbl_User
0000c63c     318 (0000c600)     _Flash_CallbackPtr
0000c63e     318 (0000c600)     _Flash_CPUScaleFactor

0000c640     319 (0000c640)     _CfgSpiTbl_User
0000c644     319 (0000c640)     _gTest
0000c64c     319 (0000c640)     __lock
0000c64e     319 (0000c640)     __unlock
0000c650     319 (0000c640)     _gArinc429Para
0000c652     319 (0000c640)     _SDB_RVDT_Read_Addr

0033a7b8    ce9e (0033a780)     _SDC_Sin_Tbl

0033abb8    ceae (0033ab80)     _PieVectTableInit

0033acb8    ceb2 (0033ac80)     _SDB_CfgGPIOHdlTbl

0033ad68    ceb5 (0033ad40)     _SDB_SingleAnologMaxMinInit

0033ada4    ceb6 (0033ad80)     _SDB_SingleAdUVTBL

0033adc2    ceb7 (0033adc0)     _SDB_CfgPwmHdlTbl
0033adda    ceb7 (0033adc0)     _SDB_MsgFuncTbl
0033ade2    ceb7 (0033adc0)     _SDB_CfgSCIHdlTbl
0033ade8    ceb7 (0033adc0)     _SDB_CfgTimerHdlTbl
0033adec    ceb7 (0033adc0)     _SDB_CfgAdcHdlTbl
0033adee    ceb7 (0033adc0)     _SDB_CfgInterruptHdlTbl
0033adf0    ceb7 (0033adc0)     _SDB_CfgSpiHdlTbl
0033adf2    ceb7 (0033adc0)     _SDB_CfgXintfHdlTbl

0033fff8    cfff (0033ffc0)     _CsmPwl

00380090    e002 (00380080)     _PartIdRegs


GLOBAL SYMBOLS: SORTED ALPHABETICALLY BY Name 

page  address   name                            
----  -------   ----                            
0     00338000  .text                           
0     0033a668  C$$EXIT                         
0     0033a302  FS$$DIV                         
0     0033a6b5  I$$DIV                          
0     0033a6c6  I$$MOD                          
0     0033a63e  L$$DIV                          
0     0033a64d  L$$MOD                          
0     0033a6f7  LL$$CMP                         
0     0033a779  U$$DIV                          
0     0033a77e  U$$MOD                          
0     0033a65b  UL$$DIV                         
0     0033a662  UL$$MOD                         
0     0033a709  ULL$$CMP                        
0     00338b60  _ADCINT_ISR                     
0     0033a521  _ADC_Config                     
0     00380080  _ADC_cal                        
1     00000b00  _AdcMirror                      
1     00007100  _AdcRegs                        
0     0033980d  _Arinc429_InitCtlReg            
0     003397e2  _Arinc429_MasterReset           
0     003396e3  _Arinc429_ReadCtlReg            
0     00339731  _Arinc429_ReadRxFIFO_ONE_WORD   
0     003396a6  _Arinc429_ReadStatusReg         
0     0033965e  _Arinc429_SetCtlReg             
0     0033978a  _Arinc429_WriteTxFIFO_ONE_WORD  
0     00339f68  _CFG_ADC                        
0     00338534  _CFG_GPIO_0                     
0     00338541  _CFG_GPIO_1                     
0     003385bf  _CFG_GPIO_10                    
0     003385cd  _CFG_GPIO_11                    
0     003385db  _CFG_GPIO_12                    
0     003385e9  _CFG_GPIO_13                    
0     003385f7  _CFG_GPIO_14                    
0     00338605  _CFG_GPIO_15                    
0     00338614  _CFG_GPIO_16                    
0     00338621  _CFG_GPIO_17                    
0     0033862f  _CFG_GPIO_18                    
0     0033863d  _CFG_GPIO_19                    
0     0033854f  _CFG_GPIO_2                     
0     0033864b  _CFG_GPIO_20                    
0     00338659  _CFG_GPIO_21                    
0     00338667  _CFG_GPIO_22                    
0     00338675  _CFG_GPIO_23                    
0     00338683  _CFG_GPIO_24                    
0     00338691  _CFG_GPIO_25                    
0     0033869f  _CFG_GPIO_26                    
0     003386ad  _CFG_GPIO_27                    
0     003386bb  _CFG_GPIO_28                    
0     003386c9  _CFG_GPIO_29                    
0     0033855d  _CFG_GPIO_3                     
0     003386d7  _CFG_GPIO_30                    
0     003386e5  _CFG_GPIO_31                    
0     003386f4  _CFG_GPIO_32                    
0     00338701  _CFG_GPIO_33                    
0     0033870f  _CFG_GPIO_34                    
0     0033871d  _CFG_GPIO_35                    
0     0033872b  _CFG_GPIO_36                    
0     00338739  _CFG_GPIO_37                    
0     00338747  _CFG_GPIO_38                    
0     00338755  _CFG_GPIO_39                    
0     0033856b  _CFG_GPIO_4                     
0     00338763  _CFG_GPIO_40                    
0     00338771  _CFG_GPIO_41                    
0     0033877f  _CFG_GPIO_42                    
0     0033878d  _CFG_GPIO_43                    
0     0033879b  _CFG_GPIO_44                    
0     003387a9  _CFG_GPIO_45                    
0     003387b7  _CFG_GPIO_46                    
0     003387c5  _CFG_GPIO_47                    
0     003387d4  _CFG_GPIO_48                    
0     003387e1  _CFG_GPIO_49                    
0     00338579  _CFG_GPIO_5                     
0     003387ef  _CFG_GPIO_50                    
0     003387fd  _CFG_GPIO_51                    
0     0033880b  _CFG_GPIO_52                    
0     00338819  _CFG_GPIO_53                    
0     00338827  _CFG_GPIO_54                    
0     00338835  _CFG_GPIO_55                    
0     00338843  _CFG_GPIO_56                    
0     00338851  _CFG_GPIO_57                    
0     0033885f  _CFG_GPIO_58                    
0     0033886d  _CFG_GPIO_59                    
0     00338587  _CFG_GPIO_6                     
0     0033887b  _CFG_GPIO_60                    
0     00338889  _CFG_GPIO_61                    
0     00338897  _CFG_GPIO_62                    
0     003388a5  _CFG_GPIO_63                    
0     003388b4  _CFG_GPIO_64                    
0     003388c1  _CFG_GPIO_65                    
0     003388cf  _CFG_GPIO_66                    
0     003388dd  _CFG_GPIO_67                    
0     003388eb  _CFG_GPIO_68                    
0     003388f9  _CFG_GPIO_69                    
0     00338595  _CFG_GPIO_7                     
0     00338907  _CFG_GPIO_70                    
0     00338915  _CFG_GPIO_71                    
0     00338923  _CFG_GPIO_72                    
0     00338931  _CFG_GPIO_73                    
0     0033893f  _CFG_GPIO_74                    
0     0033894d  _CFG_GPIO_75                    
0     0033895b  _CFG_GPIO_76                    
0     00338969  _CFG_GPIO_77                    
0     00338977  _CFG_GPIO_78                    
0     00338985  _CFG_GPIO_79                    
0     003385a3  _CFG_GPIO_8                     
0     00338994  _CFG_GPIO_80                    
0     003389a1  _CFG_GPIO_81                    
0     003389af  _CFG_GPIO_82                    
0     003389bd  _CFG_GPIO_83                    
0     003389cb  _CFG_GPIO_84                    
0     003389d9  _CFG_GPIO_85                    
0     003389e7  _CFG_GPIO_86                    
0     003389f5  _CFG_GPIO_87                    
0     003385b1  _CFG_GPIO_9                     
0     0033a38a  _CFG_INTERRUPT                  
0     00338ea5  _CFG_PWM_1A                     
0     00338f23  _CFG_PWM_1B                     
0     00338f39  _CFG_PWM_2A                     
0     00338fa5  _CFG_PWM_2B                     
0     00338fbb  _CFG_PWM_3A                     
0     00339028  _CFG_PWM_3B                     
0     0033903f  _CFG_PWM_4A                     
0     003390ac  _CFG_PWM_4B                     
0     003390c3  _CFG_PWM_5A                     
0     0033912f  _CFG_PWM_5B                     
0     00339145  _CFG_PWM_6A                     
0     003391b1  _CFG_PWM_6B                     
0     00339828  _CFG_SCI_A                      
0     00339886  _CFG_SCI_B                      
0     00339934  _CFG_SCI_C                      
0     0033a27a  _CFG_SPI_A                      
0     0033a5bc  _CFG_TIMER0                     
0     0033a5d5  _CFG_TIMER1                     
0     00339e9c  _CFG_XINTF                      
0     003394eb  _Calculate_Three_Phase_Duty     
1     0000c5ed  _CfgAdcTbl_User                 
1     0000c580  _CfgGpioTbl_User                
1     0000c62c  _CfgInterruptTbl_User           
1     0000c564  _CfgPwmTbl_User                 
1     0000c631  _CfgSciTbl_User                 
1     0000c640  _CfgSpiTbl_User                 
1     0000c5fa  _CfgTimerTbl_User               
1     0000c636  _CfgXintfTbl_User               
0     00339d57  _CheckEnableSciaTx              
0     00339d68  _CheckEnableScibTx              
0     00339d79  _CheckEnableScicTx              
0     00338079  _CheckRxPacketLength            
0     00339d18  _ClearSciaRxOverFlow            
0     00339d26  _ClearScibRxOverFlow            
0     00339d34  _ClearScicRxOverFlow            
0     0033a4d1  _ConfigCpuTimer                 
1     0000c4e8  _CpuTimer0                      
1     00000c00  _CpuTimer0Regs                  
1     0000c4f0  _CpuTimer1                      
1     00000c08  _CpuTimer1Regs                  
1     0000c4f8  _CpuTimer2                      
1     00000c10  _CpuTimer2Regs                  
1     0033fff8  _CsmPwl                         
1     00000ae0  _CsmRegs                        
0     00339e6b  _CsmUnlock                      
0     00338a8e  _DATALOG_ISR                    
0     00338ce8  _DINTCH1_ISR                    
0     00338cf2  _DINTCH2_ISR                    
0     00338cfc  _DINTCH3_ISR                    
0     00338d06  _DINTCH4_ISR                    
0     00338d10  _DINTCH5_ISR                    
0     00338d1a  _DINTCH6_ISR                    
1     0000c57c  _DMADest                        
1     0000c57e  _DMASource                      
0     0033a7a5  _DSP28x_DisableInt              
0     0033a7a9  _DSP28x_RestoreInt              
0     0000825e  _DSP28x_usDelay                 
1     00000880  _DevEmuRegs                     
0     00339db8  _DisableDog                     
0     00339c7f  _DisableSciaTxInterrupt         
0     00339c84  _DisableScibTxInterrupt         
0     00339c89  _DisableScicTxInterrupt         
1     00001000  _DmaRegs                        
0     00338e23  _ECAN0INTA_ISR                  
0     00338e37  _ECAN0INTB_ISR                  
0     00338e2d  _ECAN1INTA_ISR                  
0     00338e41  _ECAN1INTB_ISR                  
0     00338c23  _ECAP1_INT_ISR                  
0     00338c2d  _ECAP2_INT_ISR                  
0     00338c37  _ECAP3_INT_ISR                  
0     00338c41  _ECAP4_INT_ISR                  
0     00338c5e  _ECAP5_INT_ISR                  
0     00338c7b  _ECAP6_INT_ISR                  
1     00006040  _ECanaLAMRegs                   
1     000060c0  _ECanaMOTORegs                  
1     00006080  _ECanaMOTSRegs                  
1     00006100  _ECanaMboxes                    
1     00006000  _ECanaRegs                      
1     00006240  _ECanbLAMRegs                   
1     000062c0  _ECanbMOTORegs                  
1     00006280  _ECanbMOTSRegs                  
1     00006300  _ECanbMboxes                    
1     00006200  _ECanbRegs                      
1     00006a00  _ECap1Regs                      
1     00006a20  _ECap2Regs                      
1     00006a40  _ECap3Regs                      
1     00006a60  _ECap4Regs                      
1     00006a80  _ECap5Regs                      
1     00006aa0  _ECap6Regs                      
0     00338aa2  _EMUINT_ISR                     
0     00338bb9  _EPWM1_INT_ISR                  
0     00338b74  _EPWM1_TZINT_ISR                
0     00338bee  _EPWM2_INT_ISR                  
0     00338b7e  _EPWM2_TZINT_ISR                
0     00338bfb  _EPWM3_INT_ISR                  
0     00338b8b  _EPWM3_TZINT_ISR                
0     00338c05  _EPWM4_INT_ISR                  
0     00338b98  _EPWM4_TZINT_ISR                
0     00338c0f  _EPWM5_INT_ISR                  
0     00338ba5  _EPWM5_TZINT_ISR                
0     00338c19  _EPWM6_INT_ISR                  
0     00338baf  _EPWM6_TZINT_ISR                
1     00006800  _EPwm1Regs                      
1     00006840  _EPwm2Regs                      
1     00006880  _EPwm3Regs                      
1     000068c0  _EPwm4Regs                      
1     00006900  _EPwm5Regs                      
1     00006940  _EPwm6Regs                      
0     00338c98  _EQEP1_INT_ISR                  
0     00338ca2  _EQEP2_INT_ISR                  
1     00006b00  _EQep1Regs                      
1     00006b40  _EQep2Regs                      
0     0033a209  _EnableInterrupts               
0     00339d42  _EnableSciaTxInterrupt          
0     00339d49  _EnableScibTxInterrupt          
0     00339d50  _EnableScicTxInterrupt          
0     00338030  _FindRxPacketHead               
0     00338054  _FindRxPacketTail               
0     000081f2  _Fl28335_Init                   
0     0000810c  _Fl28x_ClosePulse               
0     0000822f  _Fl28x_Delay                    
0     0000823c  _Fl28x_DisableInt               
0     00008223  _Fl28x_DisableNMI               
0     000080b7  _Fl28x_EnterCmdMode             
0     000080dc  _Fl28x_FlashRegSleep            
0     000080aa  _Fl28x_LeaveCmdMode             
0     00008123  _Fl28x_MaskAll                  
0     000080fb  _Fl28x_OpenPulse                
0     0000816c  _Fl28x_ProgPulse                
0     0000812e  _Fl28x_ProgVerify               
0     00008240  _Fl28x_RestoreInt               
0     0000821b  _Fl28x_WatchDogDisable          
0     00008000  _Flash28335_Program             
0     000081ae  _Flash28335_Verify              
0     00300243  _Flash28_API_LoadEnd            
0     00300000  _Flash28_API_LoadStart          
0     00008000  _Flash28_API_RunStart           
0     0033a75e  _FlashAPI_Init                  
1     00000a80  _FlashRegs                      
1     0000c63e  _Flash_CPUScaleFactor           
1     0000c63c  _Flash_CallbackPtr              
0     0033825c  _GetDisplacementCurve           
0     0033826e  _GetDynamoCurrentCurve          
0     00338268  _GetDynamoVoltageCurve          
0     0033827a  _GetMotorAccelCurve             
0     00338262  _GetMotorCurrentCurve           
0     00338256  _GetMotorSpeedCurve             
0     0033a0f5  _GetSciRxQueLength              
0     0033a13f  _GetSciTxQueLength              
0     00338274  _GetTemperatureCurve            
0     00338250  _GetTorqueCurve                 
0     0033a611  _Get_RVDT_Position              
1     00006f80  _GpioCtrlRegs                   
1     00006fc0  _GpioDataRegs                   
1     00006fe0  _GpioIntRegs                    
0     00338d24  _I2CINT1A_ISR                   
0     00338d2e  _I2CINT2A_ISR                   
1     00007900  _I2caRegs                       
0     00338ab6  _ILLEGAL_ISR                    
0     00338a57  _INT13_ISR                      
0     00338a84  _INT14_ISR                      
0     0033a50b  _InitAdc                        
0     0033a490  _InitCpuTimers                  
0     00008243  _InitFlash                      
0     00339e11  _InitPeripheralClocks           
0     0033a1ea  _InitPieCtrl                    
0     0033a6d7  _InitPieVectTable               
0     00339dc0  _InitPll                        
0     00339d8a  _InitSysCtrl                    
0     0033a00d  _InitXintf                      
0     0033a063  _InitXintf16Gpio                
0     0033a561  _Init_ADC                       
0     00339be8  _Init_Adc_Service               
0     00339b8f  _Init_Adc_Service_Ptr           
0     00339819  _Init_Arinc429_Service          
0     0033a222  _Init_Interrupt                 
0     00338288  _Init_Sci_Protocol              
0     00339647  _Init_Spwm_Service              
0     0033a1dd  _Init_Sys_State_Service         
0     0033a0a7  _Init_XINTF                     
0     0033a0e9  _IsSciRxQueueEmpty              
0     00339b6a  _IsSingleAnalogValueAbnormal    
0     00338e87  _LUF_ISR                        
0     00338e7d  _LVF_ISR                        
0     00338cd4  _MRINTA_ISR                     
0     00338cc0  _MRINTB_ISR                     
0     00338cde  _MXINTA_ISR                     
0     00338cca  _MXINTB_ISR                     
1     00005000  _McbspaRegs                     
1     00005040  _McbspbRegs                     
0     0033a74b  _MemCopy                        
0     00338aac  _NMI_ISR                        
0     00339ff5  _PFAL_ADC_CFG                   
0     00338a03  _PFAL_GPIO_CFG                  
0     0033a3cb  _PFAL_INTERRUPT_CFG             
0     003391c7  _PFAL_PWM_CFG                   
0     0033a7ac  _PFAL_PWM_ISR                   
0     0033a795  _PFAL_SCIA_RX_ISR               
0     0033a79d  _PFAL_SCIA_TX_ISR               
0     0033a796  _PFAL_SCIB_RX_ISR               
0     0033a79e  _PFAL_SCIB_TX_ISR               
0     0033a79c  _PFAL_SCIC_RX_ISR               
0     0033a7a4  _PFAL_SCIC_TX_ISR               
0     00339994  _PFAL_SCI_CFG                   
0     0033a2f9  _PFAL_SPI_CFG                   
0     0033a5ee  _PFAL_TIMER_CFG                 
0     0033a46e  _PFAL_Timer0_ISR                
0     0033a7b7  _PFAL_Timer1_ISR                
0     00339f5b  _PFAL_XINTF_CFG                 
0     003384b7  _PF_CalCrc                      
0     0033840e  _PF_CheckRxPacketLength         
0     003383b8  _PF_FindRxPacketHead            
0     003383e7  _PF_FindRxPacketTail            
0     00338430  _PF_GetRingBufferDataSize       
0     003384de  _PF_ProcessSciRxPacket          
0     0033843c  _PF_SaveRxPacketProfile         
0     0033846b  _PF_UnpackRxProfile             
0     003384ab  _PF_UpdateRxQueueHeadPos        
0     00338e91  _PIE_RESERVED                   
0     00338196  _PackSciTxPacket                
1     00380090  _PartIdRegs                     
1     00000ce0  _PieCtrlRegs                    
1     00000d00  _PieVectTable                   
0     0033abb8  _PieVectTableInit               
0     00338105  _ProcessSciRxPacket             
0     00338a98  _RTOSINT_ISR                    
0     0032001f  _RamfuncsLoadEnd                
0     00320000  _RamfuncsLoadStart              
0     00008243  _RamfuncsRunStart               
0     00338da2  _SCIRXINTA_ISR                  
0     00338db9  _SCIRXINTB_ISR                  
0     00338d38  _SCIRXINTC_ISR                  
0     00338daf  _SCITXINTA_ISR                  
0     00338dee  _SCITXINTB_ISR                  
0     00338d6d  _SCITXINTC_ISR                  
0     00339ca3  _SCI_A_Transmit                 
0     00339cca  _SCI_B_Transmit                 
0     00339cf1  _SCI_C_Transmit                 
0     0033adec  _SDB_CfgAdcHdlTbl               
0     0033acb8  _SDB_CfgGPIOHdlTbl              
0     0033adee  _SDB_CfgInterruptHdlTbl         
0     0033adc2  _SDB_CfgPwmHdlTbl               
0     0033ade2  _SDB_CfgSCIHdlTbl               
0     0033adf0  _SDB_CfgSpiHdlTbl               
0     0033ade8  _SDB_CfgTimerHdlTbl             
0     0033adf2  _SDB_CfgXintfHdlTbl             
0     0033adda  _SDB_MsgFuncTbl                 
1     0000c652  _SDB_RVDT_Read_Addr             
0     0033ada4  _SDB_SingleAdUVTBL              
0     0033ad68  _SDB_SingleAnologMaxMinInit     
0     0033a7b8  _SDC_Sin_Tbl                    
0     00338b38  _SEQ1INT_ISR                    
0     00338b42  _SEQ2INT_ISR                    
0     00338cac  _SPIRXINTA_ISR                  
0     00338cb6  _SPITXINTA_ISR                  
0     00338093  _SaveRxPacketProfile            
0     00338009  _SciRxCalCrc                    
0     0033a0d6  _SciRxDeQueue                   
0     0033a0ac  _SciRxEnQueue                   
0     00338156  _SciTxCalCrc                    
0     0033a12c  _SciTxDeQueue                   
0     0033a101  _SciTxEnQueue                   
0     00339c4f  _Sci_A_Receive                  
0     00339c5f  _Sci_B_Receive                  
0     00339c6f  _Sci_C_Receive                  
1     00007050  _SciaRegs                       
0     00339c8e  _SciaTxByte                     
1     00007750  _ScibRegs                       
0     00339c95  _ScibTxByte                     
1     00007770  _ScicRegs                       
0     00339c9c  _ScicTxByte                     
0     00339dae  _ServiceDog                     
0     0033a7b1  _SetDBGIER                      
0     0033a40e  _SimulateSSI                    
1     00007040  _SpiaRegs                       
0     0033959d  _Spwm_Output                    
1     00007010  _SysCtrlRegs                    
0     0033a1c5  _Sys_hlsAlarm                   
0     0033a163  _Sys_hlsStop                    
0     0033a1ad  _Sys_hlsWarning                 
0     0033a19a  _Sys_hlstBackwardRotate         
0     0033a187  _Sys_hlstForwardRotate          
0     0033a14b  _Sys_hlstInit                   
1     0000c618  _Sys_hlstPtr                    
0     00338a26  _TINT0_ISR                      
0     00338b1a  _USER10_ISR                     
0     00338b24  _USER11_ISR                     
0     00338b2e  _USER12_ISR                     
0     00338ac0  _USER1_ISR                      
0     00338aca  _USER2_ISR                      
0     00338ad4  _USER3_ISR                      
0     00338ade  _USER4_ISR                      
0     00338ae8  _USER5_ISR                      
0     00338af2  _USER6_ISR                      
0     00338afc  _USER7_ISR                      
0     00338b06  _USER8_ISR                      
0     00338b10  _USER9_ISR                      
0     003380b0  _UnpackRxProfile                
0     003380f9  _UpdateRxQueueHeadPos           
0     0033817d  _UpdateSciTxEnableFlag          
0     00339b50  _UpdateSingleAnalog             
0     00338b6a  _WAKEINT_ISR                    
0     00338b4c  _XINT1_ISR                      
0     00338b56  _XINT2_ISR                      
0     00338e4b  _XINT3_ISR                      
0     00338e55  _XINT4_ISR                      
0     00338e5f  _XINT5_ISR                      
0     00338e69  _XINT6_ISR                      
0     00338e73  _XINT7_ISR                      
1     00007070  _XIntruptRegs                   
1     00000b20  _XintfRegs                      
1     00000700  __STACK_END                     
abs   00000300  __STACK_SIZE                    
abs   00000400  __SYSMEM_SIZE                   
1     0000c628  ___TI_cleanup_ptr               
1     0000c62a  ___TI_dtors_ptr                 
1     0000c626  ___TI_enable_exit_profile_output
0     00339459  ___TI_heap_check                
0     0033943c  ___TI_heap_largest_available    
0     0033941f  ___TI_heap_total_available      
abs   ffffffff  ___TI_pprof_out_hndl            
abs   ffffffff  ___TI_prof_data_size            
abs   ffffffff  ___TI_prof_data_start           
abs   ffffffff  ___binit__                      
abs   ffffffff  ___c_args__                     
0     0033adf4  ___cinit__                      
0     0033a7b8  ___etext__                      
abs   ffffffff  ___pinit__                      
0     00338000  ___text__                       
0     0033a732  __args_main                     
1     0000c64c  __lock                          
0     0033a78c  __nop                           
0     0033a788  __register_lock                 
0     0033a784  __register_unlock               
1     00000400  __stack                         
1     0000c000  __sys_memory                    
0     0033a7b6  __system_post_cinit             
0     0033a7b4  __system_pre_init               
1     0000c64e  __unlock                        
0     0033a668  _abort                          
0     0033938a  _aligned_alloc                  
1     0000c600  _arinc429                       
0     0033a566  _c_int00                        
0     00338280  _calRxPacketTotalLen            
0     00339363  _calloc                         
0     0033a691  _copy_in                        
0     0033a66a  _exit                           
0     00339220  _free                           
1     0000c650  _gArinc429Para                  
1     0000c5ee  _gFeedWatchDogCnt               
1     0000c610  _gIsOC                          
1     0000c60d  _gIsOcCnt                       
1     0000c611  _gNoOC                          
1     0000c60f  _gP                             
1     0000c5c4  _gPositionSSIPara               
1     0000c5b8  _gRx422TxEnableFlag             
1     0000c5b2  _gRxPacketHead                  
1     0000c5b6  _gRxPacketInfo                  
1     0000c5b4  _gRxPacketTail                  
1     0000c5f2  _gSSIDATA                       
1     0000c5f4  _gSSIDATABAK                    
1     0000c5b0  _gSciTxVar                      
1     0000c5ac  _gScibRxQue                     
1     0000c5ae  _gScibTxQue                     
1     0000c5df  _gSpwmPara                      
1     0000c5de  _gSwitch                        
1     0000c400  _gSysAnalogVar                  
1     0000c61a  _gSysStateFlag                  
1     0000c616  _gSysVersionNum                 
1     0000c644  _gTest                          
1     0000c60c  _gTestcount                     
1     0000c5a8  _gmalloc                        
1     0000c614  _gtArinc429ReadWord             
1     0000c612  _gtArinc429SendWord             
1     0000c60e  _gtest                          
0     00339d95  _if_flash_init                  
0     003399b5  _main                           
0     003391f5  _malloc                         
0     0033938a  _memalign                       
0     0033a715  _memcpy                         
0     0033a76d  _memset                         
0     0033935f  _minit                          
0     003392e7  _realloc                        
1     0000c500  _rs422rxPack                    
0     00338e9b  _rsvd_ISR                       
0     00339b23  _updateBridgeCurrentA           
0     00339b14  _updateBridgeCurrentB           
0     00339b32  _updateBridgeCurrentC           
0     00339b28  _updateBusCurrentA              
0     00339b19  _updateBusCurrentB              
0     00339b37  _updateBusCurrentC              
0     00339b3c  _updateBusCurrentC1             
0     00339b41  _updateBusCurrentC2             
0     00339b46  _updateBusCurrentC3             
0     00339b4b  _updateBusCurrentC4             
0     00339b0a  _updateBusCurrentP              
0     00339b2d  _updateDisplacementValue        
0     00339b05  _updateForceValue               
0     00339b1e  _updatePower28V                 
0     00339b0f  _updatePower28V_M               
abs   ffffffff  binit                           
0     0033adf4  cinit                           
0     0033fff6  code_start                      
0     0033a7b8  etext                           
abs   ffffffff  pinit                           


GLOBAL SYMBOLS: SORTED BY Symbol Address 

page  address   name                            
----  -------   ----                            
0     00008000  _Flash28335_Program             
0     00008000  _Flash28_API_RunStart           
0     000080aa  _Fl28x_LeaveCmdMode             
0     000080b7  _Fl28x_EnterCmdMode             
0     000080dc  _Fl28x_FlashRegSleep            
0     000080fb  _Fl28x_OpenPulse                
0     0000810c  _Fl28x_ClosePulse               
0     00008123  _Fl28x_MaskAll                  
0     0000812e  _Fl28x_ProgVerify               
0     0000816c  _Fl28x_ProgPulse                
0     000081ae  _Flash28335_Verify              
0     000081f2  _Fl28335_Init                   
0     0000821b  _Fl28x_WatchDogDisable          
0     00008223  _Fl28x_DisableNMI               
0     0000822f  _Fl28x_Delay                    
0     0000823c  _Fl28x_DisableInt               
0     00008240  _Fl28x_RestoreInt               
0     00008243  _InitFlash                      
0     00008243  _RamfuncsRunStart               
0     0000825e  _DSP28x_usDelay                 
0     00300000  _Flash28_API_LoadStart          
0     00300243  _Flash28_API_LoadEnd            
0     00320000  _RamfuncsLoadStart              
0     0032001f  _RamfuncsLoadEnd                
0     00338000  .text                           
0     00338000  ___text__                       
0     00338009  _SciRxCalCrc                    
0     00338030  _FindRxPacketHead               
0     00338054  _FindRxPacketTail               
0     00338079  _CheckRxPacketLength            
0     00338093  _SaveRxPacketProfile            
0     003380b0  _UnpackRxProfile                
0     003380f9  _UpdateRxQueueHeadPos           
0     00338105  _ProcessSciRxPacket             
0     00338156  _SciTxCalCrc                    
0     0033817d  _UpdateSciTxEnableFlag          
0     00338196  _PackSciTxPacket                
0     00338250  _GetTorqueCurve                 
0     00338256  _GetMotorSpeedCurve             
0     0033825c  _GetDisplacementCurve           
0     00338262  _GetMotorCurrentCurve           
0     00338268  _GetDynamoVoltageCurve          
0     0033826e  _GetDynamoCurrentCurve          
0     00338274  _GetTemperatureCurve            
0     0033827a  _GetMotorAccelCurve             
0     00338280  _calRxPacketTotalLen            
0     00338288  _Init_Sci_Protocol              
0     003383b8  _PF_FindRxPacketHead            
0     003383e7  _PF_FindRxPacketTail            
0     0033840e  _PF_CheckRxPacketLength         
0     00338430  _PF_GetRingBufferDataSize       
0     0033843c  _PF_SaveRxPacketProfile         
0     0033846b  _PF_UnpackRxProfile             
0     003384ab  _PF_UpdateRxQueueHeadPos        
0     003384b7  _PF_CalCrc                      
0     003384de  _PF_ProcessSciRxPacket          
0     00338534  _CFG_GPIO_0                     
0     00338541  _CFG_GPIO_1                     
0     0033854f  _CFG_GPIO_2                     
0     0033855d  _CFG_GPIO_3                     
0     0033856b  _CFG_GPIO_4                     
0     00338579  _CFG_GPIO_5                     
0     00338587  _CFG_GPIO_6                     
0     00338595  _CFG_GPIO_7                     
0     003385a3  _CFG_GPIO_8                     
0     003385b1  _CFG_GPIO_9                     
0     003385bf  _CFG_GPIO_10                    
0     003385cd  _CFG_GPIO_11                    
0     003385db  _CFG_GPIO_12                    
0     003385e9  _CFG_GPIO_13                    
0     003385f7  _CFG_GPIO_14                    
0     00338605  _CFG_GPIO_15                    
0     00338614  _CFG_GPIO_16                    
0     00338621  _CFG_GPIO_17                    
0     0033862f  _CFG_GPIO_18                    
0     0033863d  _CFG_GPIO_19                    
0     0033864b  _CFG_GPIO_20                    
0     00338659  _CFG_GPIO_21                    
0     00338667  _CFG_GPIO_22                    
0     00338675  _CFG_GPIO_23                    
0     00338683  _CFG_GPIO_24                    
0     00338691  _CFG_GPIO_25                    
0     0033869f  _CFG_GPIO_26                    
0     003386ad  _CFG_GPIO_27                    
0     003386bb  _CFG_GPIO_28                    
0     003386c9  _CFG_GPIO_29                    
0     003386d7  _CFG_GPIO_30                    
0     003386e5  _CFG_GPIO_31                    
0     003386f4  _CFG_GPIO_32                    
0     00338701  _CFG_GPIO_33                    
0     0033870f  _CFG_GPIO_34                    
0     0033871d  _CFG_GPIO_35                    
0     0033872b  _CFG_GPIO_36                    
0     00338739  _CFG_GPIO_37                    
0     00338747  _CFG_GPIO_38                    
0     00338755  _CFG_GPIO_39                    
0     00338763  _CFG_GPIO_40                    
0     00338771  _CFG_GPIO_41                    
0     0033877f  _CFG_GPIO_42                    
0     0033878d  _CFG_GPIO_43                    
0     0033879b  _CFG_GPIO_44                    
0     003387a9  _CFG_GPIO_45                    
0     003387b7  _CFG_GPIO_46                    
0     003387c5  _CFG_GPIO_47                    
0     003387d4  _CFG_GPIO_48                    
0     003387e1  _CFG_GPIO_49                    
0     003387ef  _CFG_GPIO_50                    
0     003387fd  _CFG_GPIO_51                    
0     0033880b  _CFG_GPIO_52                    
0     00338819  _CFG_GPIO_53                    
0     00338827  _CFG_GPIO_54                    
0     00338835  _CFG_GPIO_55                    
0     00338843  _CFG_GPIO_56                    
0     00338851  _CFG_GPIO_57                    
0     0033885f  _CFG_GPIO_58                    
0     0033886d  _CFG_GPIO_59                    
0     0033887b  _CFG_GPIO_60                    
0     00338889  _CFG_GPIO_61                    
0     00338897  _CFG_GPIO_62                    
0     003388a5  _CFG_GPIO_63                    
0     003388b4  _CFG_GPIO_64                    
0     003388c1  _CFG_GPIO_65                    
0     003388cf  _CFG_GPIO_66                    
0     003388dd  _CFG_GPIO_67                    
0     003388eb  _CFG_GPIO_68                    
0     003388f9  _CFG_GPIO_69                    
0     00338907  _CFG_GPIO_70                    
0     00338915  _CFG_GPIO_71                    
0     00338923  _CFG_GPIO_72                    
0     00338931  _CFG_GPIO_73                    
0     0033893f  _CFG_GPIO_74                    
0     0033894d  _CFG_GPIO_75                    
0     0033895b  _CFG_GPIO_76                    
0     00338969  _CFG_GPIO_77                    
0     00338977  _CFG_GPIO_78                    
0     00338985  _CFG_GPIO_79                    
0     00338994  _CFG_GPIO_80                    
0     003389a1  _CFG_GPIO_81                    
0     003389af  _CFG_GPIO_82                    
0     003389bd  _CFG_GPIO_83                    
0     003389cb  _CFG_GPIO_84                    
0     003389d9  _CFG_GPIO_85                    
0     003389e7  _CFG_GPIO_86                    
0     003389f5  _CFG_GPIO_87                    
0     00338a03  _PFAL_GPIO_CFG                  
0     00338a26  _TINT0_ISR                      
0     00338a57  _INT13_ISR                      
0     00338a84  _INT14_ISR                      
0     00338a8e  _DATALOG_ISR                    
0     00338a98  _RTOSINT_ISR                    
0     00338aa2  _EMUINT_ISR                     
0     00338aac  _NMI_ISR                        
0     00338ab6  _ILLEGAL_ISR                    
0     00338ac0  _USER1_ISR                      
0     00338aca  _USER2_ISR                      
0     00338ad4  _USER3_ISR                      
0     00338ade  _USER4_ISR                      
0     00338ae8  _USER5_ISR                      
0     00338af2  _USER6_ISR                      
0     00338afc  _USER7_ISR                      
0     00338b06  _USER8_ISR                      
0     00338b10  _USER9_ISR                      
0     00338b1a  _USER10_ISR                     
0     00338b24  _USER11_ISR                     
0     00338b2e  _USER12_ISR                     
0     00338b38  _SEQ1INT_ISR                    
0     00338b42  _SEQ2INT_ISR                    
0     00338b4c  _XINT1_ISR                      
0     00338b56  _XINT2_ISR                      
0     00338b60  _ADCINT_ISR                     
0     00338b6a  _WAKEINT_ISR                    
0     00338b74  _EPWM1_TZINT_ISR                
0     00338b7e  _EPWM2_TZINT_ISR                
0     00338b8b  _EPWM3_TZINT_ISR                
0     00338b98  _EPWM4_TZINT_ISR                
0     00338ba5  _EPWM5_TZINT_ISR                
0     00338baf  _EPWM6_TZINT_ISR                
0     00338bb9  _EPWM1_INT_ISR                  
0     00338bee  _EPWM2_INT_ISR                  
0     00338bfb  _EPWM3_INT_ISR                  
0     00338c05  _EPWM4_INT_ISR                  
0     00338c0f  _EPWM5_INT_ISR                  
0     00338c19  _EPWM6_INT_ISR                  
0     00338c23  _ECAP1_INT_ISR                  
0     00338c2d  _ECAP2_INT_ISR                  
0     00338c37  _ECAP3_INT_ISR                  
0     00338c41  _ECAP4_INT_ISR                  
0     00338c5e  _ECAP5_INT_ISR                  
0     00338c7b  _ECAP6_INT_ISR                  
0     00338c98  _EQEP1_INT_ISR                  
0     00338ca2  _EQEP2_INT_ISR                  
0     00338cac  _SPIRXINTA_ISR                  
0     00338cb6  _SPITXINTA_ISR                  
0     00338cc0  _MRINTB_ISR                     
0     00338cca  _MXINTB_ISR                     
0     00338cd4  _MRINTA_ISR                     
0     00338cde  _MXINTA_ISR                     
0     00338ce8  _DINTCH1_ISR                    
0     00338cf2  _DINTCH2_ISR                    
0     00338cfc  _DINTCH3_ISR                    
0     00338d06  _DINTCH4_ISR                    
0     00338d10  _DINTCH5_ISR                    
0     00338d1a  _DINTCH6_ISR                    
0     00338d24  _I2CINT1A_ISR                   
0     00338d2e  _I2CINT2A_ISR                   
0     00338d38  _SCIRXINTC_ISR                  
0     00338d6d  _SCITXINTC_ISR                  
0     00338da2  _SCIRXINTA_ISR                  
0     00338daf  _SCITXINTA_ISR                  
0     00338db9  _SCIRXINTB_ISR                  
0     00338dee  _SCITXINTB_ISR                  
0     00338e23  _ECAN0INTA_ISR                  
0     00338e2d  _ECAN1INTA_ISR                  
0     00338e37  _ECAN0INTB_ISR                  
0     00338e41  _ECAN1INTB_ISR                  
0     00338e4b  _XINT3_ISR                      
0     00338e55  _XINT4_ISR                      
0     00338e5f  _XINT5_ISR                      
0     00338e69  _XINT6_ISR                      
0     00338e73  _XINT7_ISR                      
0     00338e7d  _LVF_ISR                        
0     00338e87  _LUF_ISR                        
0     00338e91  _PIE_RESERVED                   
0     00338e9b  _rsvd_ISR                       
0     00338ea5  _CFG_PWM_1A                     
0     00338f23  _CFG_PWM_1B                     
0     00338f39  _CFG_PWM_2A                     
0     00338fa5  _CFG_PWM_2B                     
0     00338fbb  _CFG_PWM_3A                     
0     00339028  _CFG_PWM_3B                     
0     0033903f  _CFG_PWM_4A                     
0     003390ac  _CFG_PWM_4B                     
0     003390c3  _CFG_PWM_5A                     
0     0033912f  _CFG_PWM_5B                     
0     00339145  _CFG_PWM_6A                     
0     003391b1  _CFG_PWM_6B                     
0     003391c7  _PFAL_PWM_CFG                   
0     003391f5  _malloc                         
0     00339220  _free                           
0     003392e7  _realloc                        
0     0033935f  _minit                          
0     00339363  _calloc                         
0     0033938a  _aligned_alloc                  
0     0033938a  _memalign                       
0     0033941f  ___TI_heap_total_available      
0     0033943c  ___TI_heap_largest_available    
0     00339459  ___TI_heap_check                
0     003394eb  _Calculate_Three_Phase_Duty     
0     0033959d  _Spwm_Output                    
0     00339647  _Init_Spwm_Service              
0     0033965e  _Arinc429_SetCtlReg             
0     003396a6  _Arinc429_ReadStatusReg         
0     003396e3  _Arinc429_ReadCtlReg            
0     00339731  _Arinc429_ReadRxFIFO_ONE_WORD   
0     0033978a  _Arinc429_WriteTxFIFO_ONE_WORD  
0     003397e2  _Arinc429_MasterReset           
0     0033980d  _Arinc429_InitCtlReg            
0     00339819  _Init_Arinc429_Service          
0     00339828  _CFG_SCI_A                      
0     00339886  _CFG_SCI_B                      
0     00339934  _CFG_SCI_C                      
0     00339994  _PFAL_SCI_CFG                   
0     003399b5  _main                           
0     00339b05  _updateForceValue               
0     00339b0a  _updateBusCurrentP              
0     00339b0f  _updatePower28V_M               
0     00339b14  _updateBridgeCurrentB           
0     00339b19  _updateBusCurrentB              
0     00339b1e  _updatePower28V                 
0     00339b23  _updateBridgeCurrentA           
0     00339b28  _updateBusCurrentA              
0     00339b2d  _updateDisplacementValue        
0     00339b32  _updateBridgeCurrentC           
0     00339b37  _updateBusCurrentC              
0     00339b3c  _updateBusCurrentC1             
0     00339b41  _updateBusCurrentC2             
0     00339b46  _updateBusCurrentC3             
0     00339b4b  _updateBusCurrentC4             
0     00339b50  _UpdateSingleAnalog             
0     00339b6a  _IsSingleAnalogValueAbnormal    
0     00339b8f  _Init_Adc_Service_Ptr           
0     00339be8  _Init_Adc_Service               
0     00339c4f  _Sci_A_Receive                  
0     00339c5f  _Sci_B_Receive                  
0     00339c6f  _Sci_C_Receive                  
0     00339c7f  _DisableSciaTxInterrupt         
0     00339c84  _DisableScibTxInterrupt         
0     00339c89  _DisableScicTxInterrupt         
0     00339c8e  _SciaTxByte                     
0     00339c95  _ScibTxByte                     
0     00339c9c  _ScicTxByte                     
0     00339ca3  _SCI_A_Transmit                 
0     00339cca  _SCI_B_Transmit                 
0     00339cf1  _SCI_C_Transmit                 
0     00339d18  _ClearSciaRxOverFlow            
0     00339d26  _ClearScibRxOverFlow            
0     00339d34  _ClearScicRxOverFlow            
0     00339d42  _EnableSciaTxInterrupt          
0     00339d49  _EnableScibTxInterrupt          
0     00339d50  _EnableScicTxInterrupt          
0     00339d57  _CheckEnableSciaTx              
0     00339d68  _CheckEnableScibTx              
0     00339d79  _CheckEnableScicTx              
0     00339d8a  _InitSysCtrl                    
0     00339d95  _if_flash_init                  
0     00339dae  _ServiceDog                     
0     00339db8  _DisableDog                     
0     00339dc0  _InitPll                        
0     00339e11  _InitPeripheralClocks           
0     00339e6b  _CsmUnlock                      
0     00339e9c  _CFG_XINTF                      
0     00339f5b  _PFAL_XINTF_CFG                 
0     00339f68  _CFG_ADC                        
0     00339ff5  _PFAL_ADC_CFG                   
0     0033a00d  _InitXintf                      
0     0033a063  _InitXintf16Gpio                
0     0033a0a7  _Init_XINTF                     
0     0033a0ac  _SciRxEnQueue                   
0     0033a0d6  _SciRxDeQueue                   
0     0033a0e9  _IsSciRxQueueEmpty              
0     0033a0f5  _GetSciRxQueLength              
0     0033a101  _SciTxEnQueue                   
0     0033a12c  _SciTxDeQueue                   
0     0033a13f  _GetSciTxQueLength              
0     0033a14b  _Sys_hlstInit                   
0     0033a163  _Sys_hlsStop                    
0     0033a187  _Sys_hlstForwardRotate          
0     0033a19a  _Sys_hlstBackwardRotate         
0     0033a1ad  _Sys_hlsWarning                 
0     0033a1c5  _Sys_hlsAlarm                   
0     0033a1dd  _Init_Sys_State_Service         
0     0033a1ea  _InitPieCtrl                    
0     0033a209  _EnableInterrupts               
0     0033a222  _Init_Interrupt                 
0     0033a27a  _CFG_SPI_A                      
0     0033a2f9  _PFAL_SPI_CFG                   
0     0033a302  FS$$DIV                         
0     0033a38a  _CFG_INTERRUPT                  
0     0033a3cb  _PFAL_INTERRUPT_CFG             
0     0033a40e  _SimulateSSI                    
0     0033a46e  _PFAL_Timer0_ISR                
0     0033a490  _InitCpuTimers                  
0     0033a4d1  _ConfigCpuTimer                 
0     0033a50b  _InitAdc                        
0     0033a521  _ADC_Config                     
0     0033a561  _Init_ADC                       
0     0033a566  _c_int00                        
0     0033a5bc  _CFG_TIMER0                     
0     0033a5d5  _CFG_TIMER1                     
0     0033a5ee  _PFAL_TIMER_CFG                 
0     0033a611  _Get_RVDT_Position              
0     0033a63e  L$$DIV                          
0     0033a64d  L$$MOD                          
0     0033a65b  UL$$DIV                         
0     0033a662  UL$$MOD                         
0     0033a668  C$$EXIT                         
0     0033a668  _abort                          
0     0033a66a  _exit                           
0     0033a691  _copy_in                        
0     0033a6b5  I$$DIV                          
0     0033a6c6  I$$MOD                          
0     0033a6d7  _InitPieVectTable               
0     0033a6f7  LL$$CMP                         
0     0033a709  ULL$$CMP                        
0     0033a715  _memcpy                         
0     0033a732  __args_main                     
0     0033a74b  _MemCopy                        
0     0033a75e  _FlashAPI_Init                  
0     0033a76d  _memset                         
0     0033a779  U$$DIV                          
0     0033a77e  U$$MOD                          
0     0033a784  __register_unlock               
0     0033a788  __register_lock                 
0     0033a78c  __nop                           
0     0033a795  _PFAL_SCIA_RX_ISR               
0     0033a796  _PFAL_SCIB_RX_ISR               
0     0033a79c  _PFAL_SCIC_RX_ISR               
0     0033a79d  _PFAL_SCIA_TX_ISR               
0     0033a79e  _PFAL_SCIB_TX_ISR               
0     0033a7a4  _PFAL_SCIC_TX_ISR               
0     0033a7a5  _DSP28x_DisableInt              
0     0033a7a9  _DSP28x_RestoreInt              
0     0033a7ac  _PFAL_PWM_ISR                   
0     0033a7b1  _SetDBGIER                      
0     0033a7b4  __system_pre_init               
0     0033a7b6  __system_post_cinit             
0     0033a7b7  _PFAL_Timer1_ISR                
0     0033a7b8  _SDC_Sin_Tbl                    
0     0033a7b8  ___etext__                      
0     0033a7b8  etext                           
0     0033abb8  _PieVectTableInit               
0     0033acb8  _SDB_CfgGPIOHdlTbl              
0     0033ad68  _SDB_SingleAnologMaxMinInit     
0     0033ada4  _SDB_SingleAdUVTBL              
0     0033adc2  _SDB_CfgPwmHdlTbl               
0     0033adda  _SDB_MsgFuncTbl                 
0     0033ade2  _SDB_CfgSCIHdlTbl               
0     0033ade8  _SDB_CfgTimerHdlTbl             
0     0033adec  _SDB_CfgAdcHdlTbl               
0     0033adee  _SDB_CfgInterruptHdlTbl         
0     0033adf0  _SDB_CfgSpiHdlTbl               
0     0033adf2  _SDB_CfgXintfHdlTbl             
0     0033adf4  ___cinit__                      
0     0033adf4  cinit                           
0     0033fff6  code_start                      
0     00380080  _ADC_cal                        
1     00000400  __stack                         
1     00000700  __STACK_END                     
1     00000880  _DevEmuRegs                     
1     00000a80  _FlashRegs                      
1     00000ae0  _CsmRegs                        
1     00000b00  _AdcMirror                      
1     00000b20  _XintfRegs                      
1     00000c00  _CpuTimer0Regs                  
1     00000c08  _CpuTimer1Regs                  
1     00000c10  _CpuTimer2Regs                  
1     00000ce0  _PieCtrlRegs                    
1     00000d00  _PieVectTable                   
1     00001000  _DmaRegs                        
1     00005000  _McbspaRegs                     
1     00005040  _McbspbRegs                     
1     00006000  _ECanaRegs                      
1     00006040  _ECanaLAMRegs                   
1     00006080  _ECanaMOTSRegs                  
1     000060c0  _ECanaMOTORegs                  
1     00006100  _ECanaMboxes                    
1     00006200  _ECanbRegs                      
1     00006240  _ECanbLAMRegs                   
1     00006280  _ECanbMOTSRegs                  
1     000062c0  _ECanbMOTORegs                  
1     00006300  _ECanbMboxes                    
1     00006800  _EPwm1Regs                      
1     00006840  _EPwm2Regs                      
1     00006880  _EPwm3Regs                      
1     000068c0  _EPwm4Regs                      
1     00006900  _EPwm5Regs                      
1     00006940  _EPwm6Regs                      
1     00006a00  _ECap1Regs                      
1     00006a20  _ECap2Regs                      
1     00006a40  _ECap3Regs                      
1     00006a60  _ECap4Regs                      
1     00006a80  _ECap5Regs                      
1     00006aa0  _ECap6Regs                      
1     00006b00  _EQep1Regs                      
1     00006b40  _EQep2Regs                      
1     00006f80  _GpioCtrlRegs                   
1     00006fc0  _GpioDataRegs                   
1     00006fe0  _GpioIntRegs                    
1     00007010  _SysCtrlRegs                    
1     00007040  _SpiaRegs                       
1     00007050  _SciaRegs                       
1     00007070  _XIntruptRegs                   
1     00007100  _AdcRegs                        
1     00007750  _ScibRegs                       
1     00007770  _ScicRegs                       
1     00007900  _I2caRegs                       
1     0000c000  __sys_memory                    
1     0000c400  _gSysAnalogVar                  
1     0000c4e8  _CpuTimer0                      
1     0000c4f0  _CpuTimer1                      
1     0000c4f8  _CpuTimer2                      
1     0000c500  _rs422rxPack                    
1     0000c564  _CfgPwmTbl_User                 
1     0000c57c  _DMADest                        
1     0000c57e  _DMASource                      
1     0000c580  _CfgGpioTbl_User                
1     0000c5a8  _gmalloc                        
1     0000c5ac  _gScibRxQue                     
1     0000c5ae  _gScibTxQue                     
1     0000c5b0  _gSciTxVar                      
1     0000c5b2  _gRxPacketHead                  
1     0000c5b4  _gRxPacketTail                  
1     0000c5b6  _gRxPacketInfo                  
1     0000c5b8  _gRx422TxEnableFlag             
1     0000c5c4  _gPositionSSIPara               
1     0000c5de  _gSwitch                        
1     0000c5df  _gSpwmPara                      
1     0000c5ed  _CfgAdcTbl_User                 
1     0000c5ee  _gFeedWatchDogCnt               
1     0000c5f2  _gSSIDATA                       
1     0000c5f4  _gSSIDATABAK                    
1     0000c5fa  _CfgTimerTbl_User               
1     0000c600  _arinc429                       
1     0000c60c  _gTestcount                     
1     0000c60d  _gIsOcCnt                       
1     0000c60e  _gtest                          
1     0000c60f  _gP                             
1     0000c610  _gIsOC                          
1     0000c611  _gNoOC                          
1     0000c612  _gtArinc429SendWord             
1     0000c614  _gtArinc429ReadWord             
1     0000c616  _gSysVersionNum                 
1     0000c618  _Sys_hlstPtr                    
1     0000c61a  _gSysStateFlag                  
1     0000c626  ___TI_enable_exit_profile_output
1     0000c628  ___TI_cleanup_ptr               
1     0000c62a  ___TI_dtors_ptr                 
1     0000c62c  _CfgInterruptTbl_User           
1     0000c631  _CfgSciTbl_User                 
1     0000c636  _CfgXintfTbl_User               
1     0000c63c  _Flash_CallbackPtr              
1     0000c63e  _Flash_CPUScaleFactor           
1     0000c640  _CfgSpiTbl_User                 
1     0000c644  _gTest                          
1     0000c64c  __lock                          
1     0000c64e  __unlock                        
1     0000c650  _gArinc429Para                  
1     0000c652  _SDB_RVDT_Read_Addr             
1     0033fff8  _CsmPwl                         
1     00380090  _PartIdRegs                     
abs   00000300  __STACK_SIZE                    
abs   00000400  __SYSMEM_SIZE                   
abs   ffffffff  ___TI_pprof_out_hndl            
abs   ffffffff  ___TI_prof_data_size            
abs   ffffffff  ___TI_prof_data_start           
abs   ffffffff  ___binit__                      
abs   ffffffff  ___c_args__                     
abs   ffffffff  ___pinit__                      
abs   ffffffff  binit                           
abs   ffffffff  pinit                           

[520 symbols]
