<?xml version="1.0" encoding="ISO-8859-1" ?>
<link_info>
   <banner>TMS320C2000 Linker PC v18.12.1.LTS</banner>
   <copyright>Copyright (c) 1996-2018 Texas Instruments Incorporated</copyright>
   <link_time>0x5f60d5ed</link_time>
   <link_errors>0x0</link_errors>
   <output_file>J150.out</output_file>
   <entry_point>
      <name>_c_int00</name>
      <address>0x33a566</address>
   </entry_point>
   <input_file_list>
      <input_file id="fl-2">
         <path>.\bsp\src\</path>
         <kind>object</kind>
         <file>adc.obj</file>
         <name>adc.obj</name>
      </input_file>
      <input_file id="fl-3">
         <path>.\bsp\src\</path>
         <kind>object</kind>
         <file>arinc429.obj</file>
         <name>arinc429.obj</name>
      </input_file>
      <input_file id="fl-4">
         <path>.\bsp\src\</path>
         <kind>object</kind>
         <file>gpio.obj</file>
         <name>gpio.obj</name>
      </input_file>
      <input_file id="fl-5">
         <path>.\bsp\src\</path>
         <kind>object</kind>
         <file>pwm.obj</file>
         <name>pwm.obj</name>
      </input_file>
      <input_file id="fl-6">
         <path>.\bsp\src\</path>
         <kind>object</kind>
         <file>rvdt.obj</file>
         <name>rvdt.obj</name>
      </input_file>
      <input_file id="fl-7">
         <path>.\bsp\src\</path>
         <kind>object</kind>
         <file>sci.obj</file>
         <name>sci.obj</name>
      </input_file>
      <input_file id="fl-8">
         <path>.\bsp\src\</path>
         <kind>object</kind>
         <file>spi.obj</file>
         <name>spi.obj</name>
      </input_file>
      <input_file id="fl-9">
         <path>.\bsp\src\</path>
         <kind>object</kind>
         <file>xintf.obj</file>
         <name>xintf.obj</name>
      </input_file>
      <input_file id="fl-a">
         <path>.\platform\pfal\cfg\src\</path>
         <kind>object</kind>
         <file>pf_adc_cfg.obj</file>
         <name>pf_adc_cfg.obj</name>
      </input_file>
      <input_file id="fl-b">
         <path>.\platform\pfal\cfg\src\</path>
         <kind>object</kind>
         <file>pf_gpio_cfg.obj</file>
         <name>pf_gpio_cfg.obj</name>
      </input_file>
      <input_file id="fl-c">
         <path>.\platform\pfal\cfg\src\</path>
         <kind>object</kind>
         <file>pf_interrupt_cfg.obj</file>
         <name>pf_interrupt_cfg.obj</name>
      </input_file>
      <input_file id="fl-d">
         <path>.\platform\pfal\cfg\src\</path>
         <kind>object</kind>
         <file>pf_pwm_cfg.obj</file>
         <name>pf_pwm_cfg.obj</name>
      </input_file>
      <input_file id="fl-e">
         <path>.\platform\pfal\cfg\src\</path>
         <kind>object</kind>
         <file>pf_sci_cfg.obj</file>
         <name>pf_sci_cfg.obj</name>
      </input_file>
      <input_file id="fl-f">
         <path>.\platform\pfal\cfg\src\</path>
         <kind>object</kind>
         <file>pf_spi_cfg.obj</file>
         <name>pf_spi_cfg.obj</name>
      </input_file>
      <input_file id="fl-10">
         <path>.\platform\pfal\cfg\src\</path>
         <kind>object</kind>
         <file>pf_timer_cfg.obj</file>
         <name>pf_timer_cfg.obj</name>
      </input_file>
      <input_file id="fl-11">
         <path>.\platform\pfal\cfg\src\</path>
         <kind>object</kind>
         <file>pf_xintf_cfg.obj</file>
         <name>pf_xintf_cfg.obj</name>
      </input_file>
      <input_file id="fl-12">
         <path>.\platform\pfal\hal\src\</path>
         <kind>object</kind>
         <file>adc_hal.obj</file>
         <name>adc_hal.obj</name>
      </input_file>
      <input_file id="fl-13">
         <path>.\platform\pfal\hal\src\</path>
         <kind>object</kind>
         <file>flash_hal.obj</file>
         <name>flash_hal.obj</name>
      </input_file>
      <input_file id="fl-14">
         <path>.\platform\pfal\hal\src\</path>
         <kind>object</kind>
         <file>pwm_hal.obj</file>
         <name>pwm_hal.obj</name>
      </input_file>
      <input_file id="fl-15">
         <path>.\platform\pfal\isr\src\</path>
         <kind>object</kind>
         <file>pwm_isr.obj</file>
         <name>pwm_isr.obj</name>
      </input_file>
      <input_file id="fl-16">
         <path>.\platform\pfal\isr\src\</path>
         <kind>object</kind>
         <file>sci_rx_isr.obj</file>
         <name>sci_rx_isr.obj</name>
      </input_file>
      <input_file id="fl-17">
         <path>.\platform\pfal\isr\src\</path>
         <kind>object</kind>
         <file>sci_tx_isr.obj</file>
         <name>sci_tx_isr.obj</name>
      </input_file>
      <input_file id="fl-18">
         <path>.\platform\pfal\isr\src\</path>
         <kind>object</kind>
         <file>timer0_isr.obj</file>
         <name>timer0_isr.obj</name>
      </input_file>
      <input_file id="fl-19">
         <path>.\platform\pfal\isr\src\</path>
         <kind>object</kind>
         <file>timer1_isr.obj</file>
         <name>timer1_isr.obj</name>
      </input_file>
      <input_file id="fl-1a">
         <path>.\platform\prod\cfg\src\</path>
         <kind>object</kind>
         <file>cfg_sys.obj</file>
         <name>cfg_sys.obj</name>
      </input_file>
      <input_file id="fl-1b">
         <path>.\platform\sys\src\</path>
         <kind>object</kind>
         <file>sys_database.obj</file>
         <name>sys_database.obj</name>
      </input_file>
      <input_file id="fl-1c">
         <path>.\services\adc_service\src\</path>
         <kind>object</kind>
         <file>adc_service.obj</file>
         <name>adc_service.obj</name>
      </input_file>
      <input_file id="fl-1d">
         <path>.\services\algorithm_service\src\</path>
         <kind>object</kind>
         <file>kalman_service.obj</file>
         <name>kalman_service.obj</name>
      </input_file>
      <input_file id="fl-1e">
         <path>.\services\algorithm_service\src\</path>
         <kind>object</kind>
         <file>pid_service.obj</file>
         <name>pid_service.obj</name>
      </input_file>
      <input_file id="fl-1f">
         <path>.\services\algorithm_service\src\</path>
         <kind>object</kind>
         <file>sin_table.obj</file>
         <name>sin_table.obj</name>
      </input_file>
      <input_file id="fl-20">
         <path>.\services\algorithm_service\src\</path>
         <kind>object</kind>
         <file>spwm_service.obj</file>
         <name>spwm_service.obj</name>
      </input_file>
      <input_file id="fl-21">
         <path>.\services\arinc429\src\</path>
         <kind>object</kind>
         <file>arinc429_service.obj</file>
         <name>arinc429_service.obj</name>
      </input_file>
      <input_file id="fl-22">
         <path>.\services\gpio_service\src\</path>
         <kind>object</kind>
         <file>gpio_service.obj</file>
         <name>gpio_service.obj</name>
      </input_file>
      <input_file id="fl-23">
         <path>.\services\sci_service\src\</path>
         <kind>object</kind>
         <file>sci_protocal.obj</file>
         <name>sci_protocal.obj</name>
      </input_file>
      <input_file id="fl-24">
         <path>.\services\sci_service\src\</path>
         <kind>object</kind>
         <file>sci_queue.obj</file>
         <name>sci_queue.obj</name>
      </input_file>
      <input_file id="fl-25">
         <path>.\services\sci_service\src\</path>
         <kind>object</kind>
         <file>sci_service.obj</file>
         <name>sci_service.obj</name>
      </input_file>
      <input_file id="fl-26">
         <path>.\services\sensor_service\src\</path>
         <kind>object</kind>
         <file>position_ssi_service.obj</file>
         <name>position_ssi_service.obj</name>
      </input_file>
      <input_file id="fl-27">
         <path>.\services\sensor_service\src\</path>
         <kind>object</kind>
         <file>rvdt_service.obj</file>
         <name>rvdt_service.obj</name>
      </input_file>
      <input_file id="fl-28">
         <path>.\services\sys_service\src\</path>
         <kind>object</kind>
         <file>sys_state_service.obj</file>
         <name>sys_state_service.obj</name>
      </input_file>
      <input_file id="fl-29">
         <path>.\user\src\</path>
         <kind>object</kind>
         <file>main.obj</file>
         <name>main.obj</name>
      </input_file>
      <input_file id="fl-2a">
         <path>.\user_lib\asm\</path>
         <kind>object</kind>
         <file>DSP2833x_ADC_cal.obj</file>
         <name>DSP2833x_ADC_cal.obj</name>
      </input_file>
      <input_file id="fl-2b">
         <path>.\user_lib\asm\</path>
         <kind>object</kind>
         <file>DSP2833x_CodeStartBranch.obj</file>
         <name>DSP2833x_CodeStartBranch.obj</name>
      </input_file>
      <input_file id="fl-2c">
         <path>.\user_lib\asm\</path>
         <kind>object</kind>
         <file>DSP2833x_DBGIER.obj</file>
         <name>DSP2833x_DBGIER.obj</name>
      </input_file>
      <input_file id="fl-2d">
         <path>.\user_lib\asm\</path>
         <kind>object</kind>
         <file>DSP2833x_DisInt.obj</file>
         <name>DSP2833x_DisInt.obj</name>
      </input_file>
      <input_file id="fl-2e">
         <path>.\user_lib\asm\</path>
         <kind>object</kind>
         <file>DSP2833x_usDelay.obj</file>
         <name>DSP2833x_usDelay.obj</name>
      </input_file>
      <input_file id="fl-2f">
         <path>.\user_lib\src\</path>
         <kind>object</kind>
         <file>DSP2833x_Adc.obj</file>
         <name>DSP2833x_Adc.obj</name>
      </input_file>
      <input_file id="fl-30">
         <path>.\user_lib\src\</path>
         <kind>object</kind>
         <file>DSP2833x_CpuTimers.obj</file>
         <name>DSP2833x_CpuTimers.obj</name>
      </input_file>
      <input_file id="fl-31">
         <path>.\user_lib\src\</path>
         <kind>object</kind>
         <file>DSP2833x_DMA.obj</file>
         <name>DSP2833x_DMA.obj</name>
      </input_file>
      <input_file id="fl-32">
         <path>.\user_lib\src\</path>
         <kind>object</kind>
         <file>DSP2833x_DefaultIsr.obj</file>
         <name>DSP2833x_DefaultIsr.obj</name>
      </input_file>
      <input_file id="fl-33">
         <path>.\user_lib\src\</path>
         <kind>object</kind>
         <file>DSP2833x_ECan.obj</file>
         <name>DSP2833x_ECan.obj</name>
      </input_file>
      <input_file id="fl-34">
         <path>.\user_lib\src\</path>
         <kind>object</kind>
         <file>DSP2833x_ECap.obj</file>
         <name>DSP2833x_ECap.obj</name>
      </input_file>
      <input_file id="fl-35">
         <path>.\user_lib\src\</path>
         <kind>object</kind>
         <file>DSP2833x_EPwm.obj</file>
         <name>DSP2833x_EPwm.obj</name>
      </input_file>
      <input_file id="fl-36">
         <path>.\user_lib\src\</path>
         <kind>object</kind>
         <file>DSP2833x_EQep.obj</file>
         <name>DSP2833x_EQep.obj</name>
      </input_file>
      <input_file id="fl-37">
         <path>.\user_lib\src\</path>
         <kind>object</kind>
         <file>DSP2833x_GlobalVariableDefs.obj</file>
         <name>DSP2833x_GlobalVariableDefs.obj</name>
      </input_file>
      <input_file id="fl-38">
         <path>.\user_lib\src\</path>
         <kind>object</kind>
         <file>DSP2833x_Gpio.obj</file>
         <name>DSP2833x_Gpio.obj</name>
      </input_file>
      <input_file id="fl-39">
         <path>.\user_lib\src\</path>
         <kind>object</kind>
         <file>DSP2833x_I2C.obj</file>
         <name>DSP2833x_I2C.obj</name>
      </input_file>
      <input_file id="fl-3a">
         <path>.\user_lib\src\</path>
         <kind>object</kind>
         <file>DSP2833x_Mcbsp.obj</file>
         <name>DSP2833x_Mcbsp.obj</name>
      </input_file>
      <input_file id="fl-3b">
         <path>.\user_lib\src\</path>
         <kind>object</kind>
         <file>DSP2833x_MemCopy.obj</file>
         <name>DSP2833x_MemCopy.obj</name>
      </input_file>
      <input_file id="fl-3c">
         <path>.\user_lib\src\</path>
         <kind>object</kind>
         <file>DSP2833x_PieCtrl.obj</file>
         <name>DSP2833x_PieCtrl.obj</name>
      </input_file>
      <input_file id="fl-3d">
         <path>.\user_lib\src\</path>
         <kind>object</kind>
         <file>DSP2833x_PieVect.obj</file>
         <name>DSP2833x_PieVect.obj</name>
      </input_file>
      <input_file id="fl-3e">
         <path>.\user_lib\src\</path>
         <kind>object</kind>
         <file>DSP2833x_Sci.obj</file>
         <name>DSP2833x_Sci.obj</name>
      </input_file>
      <input_file id="fl-3f">
         <path>.\user_lib\src\</path>
         <kind>object</kind>
         <file>DSP2833x_Spi.obj</file>
         <name>DSP2833x_Spi.obj</name>
      </input_file>
      <input_file id="fl-40">
         <path>.\user_lib\src\</path>
         <kind>object</kind>
         <file>DSP2833x_SysCtrl.obj</file>
         <name>DSP2833x_SysCtrl.obj</name>
      </input_file>
      <input_file id="fl-41">
         <path>.\user_lib\src\</path>
         <kind>object</kind>
         <file>DSP2833x_Xintf.obj</file>
         <name>DSP2833x_Xintf.obj</name>
      </input_file>
      <input_file id="fl-47">
         <kind>object</kind>
         <file>&lt;internal&gt;</file>
         <name>&lt;internal&gt;</name>
      </input_file>
      <input_file id="fl-48">
         <path>..\user_lib\Flash28335_API_V210\Lib\</path>
         <kind>archive</kind>
         <file>Flash28335_API_V210.lib</file>
         <name>Flash28_Globals.obj</name>
      </input_file>
      <input_file id="fl-49">
         <path>..\user_lib\Flash28335_API_V210\Lib\</path>
         <kind>archive</kind>
         <file>Flash28335_API_V210.lib</file>
         <name>Flash28_Prog.obj</name>
      </input_file>
      <input_file id="fl-4a">
         <path>..\user_lib\Flash28335_API_V210\Lib\</path>
         <kind>archive</kind>
         <file>Flash28335_API_V210.lib</file>
         <name>Flash28_Prog_Pulse.obj</name>
      </input_file>
      <input_file id="fl-4b">
         <path>..\user_lib\Flash28335_API_V210\Lib\</path>
         <kind>archive</kind>
         <file>Flash28335_API_V210.lib</file>
         <name>Flash28_Utils.obj</name>
      </input_file>
      <input_file id="fl-4c">
         <path>..\user_lib\Flash28335_API_V210\Lib\</path>
         <kind>archive</kind>
         <file>Flash28335_API_V210.lib</file>
         <name>Flash28_Verify.obj</name>
      </input_file>
      <input_file id="fl-4d">
         <path>..\user_lib\Flash28335_API_V210\Lib\</path>
         <kind>archive</kind>
         <file>Flash28335_API_V210.lib</file>
         <name>Flash28_Delay.obj</name>
      </input_file>
      <input_file id="fl-4e">
         <path>..\user_lib\Flash28335_API_V210\Lib\</path>
         <kind>archive</kind>
         <file>Flash28335_API_V210.lib</file>
         <name>Flash28_DisInt.obj</name>
      </input_file>
      <input_file id="fl-4f">
         <path>..\user_lib\Flash28335_API_V210\Lib\</path>
         <kind>archive</kind>
         <file>Flash28335_API_V210.lib</file>
         <name>Flash28_Init.obj</name>
      </input_file>
      <input_file id="fl-50">
         <path>..\user_lib\Flash28335_API_V210\Lib\</path>
         <kind>archive</kind>
         <file>Flash28335_API_V210.lib</file>
         <name>Flash28_Internals.obj</name>
      </input_file>
      <input_file id="fl-5c">
         <path>C:\ti\ccs901\ccs\tools\compiler\ti-cgt-c2000_18.12.1.LTS\lib\</path>
         <kind>archive</kind>
         <file>rts2800_fpu32.lib</file>
         <name>boot28.asm.obj</name>
      </input_file>
      <input_file id="fl-5d">
         <path>C:\ti\ccs901\ccs\tools\compiler\ti-cgt-c2000_18.12.1.LTS\lib\</path>
         <kind>archive</kind>
         <file>rts2800_fpu32.lib</file>
         <name>fs_div28.asm.obj</name>
      </input_file>
      <input_file id="fl-5e">
         <path>C:\ti\ccs901\ccs\tools\compiler\ti-cgt-c2000_18.12.1.LTS\lib\</path>
         <kind>archive</kind>
         <file>rts2800_fpu32.lib</file>
         <name>ll_cmp28.asm.obj</name>
      </input_file>
      <input_file id="fl-5f">
         <path>C:\ti\ccs901\ccs\tools\compiler\ti-cgt-c2000_18.12.1.LTS\lib\</path>
         <kind>archive</kind>
         <file>rts2800_fpu32.lib</file>
         <name>i_div28.asm.obj</name>
      </input_file>
      <input_file id="fl-60">
         <path>C:\ti\ccs901\ccs\tools\compiler\ti-cgt-c2000_18.12.1.LTS\lib\</path>
         <kind>archive</kind>
         <file>rts2800_fpu32.lib</file>
         <name>u_div28.asm.obj</name>
      </input_file>
      <input_file id="fl-61">
         <path>C:\ti\ccs901\ccs\tools\compiler\ti-cgt-c2000_18.12.1.LTS\lib\</path>
         <kind>archive</kind>
         <file>rts2800_fpu32.lib</file>
         <name>l_div28.asm.obj</name>
      </input_file>
      <input_file id="fl-62">
         <path>C:\ti\ccs901\ccs\tools\compiler\ti-cgt-c2000_18.12.1.LTS\lib\</path>
         <kind>archive</kind>
         <file>rts2800_fpu32.lib</file>
         <name>cpy_tbl.c.obj</name>
      </input_file>
      <input_file id="fl-63">
         <path>C:\ti\ccs901\ccs\tools\compiler\ti-cgt-c2000_18.12.1.LTS\lib\</path>
         <kind>archive</kind>
         <file>rts2800_fpu32.lib</file>
         <name>memcpy.c.obj</name>
      </input_file>
      <input_file id="fl-64">
         <path>C:\ti\ccs901\ccs\tools\compiler\ti-cgt-c2000_18.12.1.LTS\lib\</path>
         <kind>archive</kind>
         <file>rts2800_fpu32.lib</file>
         <name>pre_init.c.obj</name>
      </input_file>
      <input_file id="fl-65">
         <path>C:\ti\ccs901\ccs\tools\compiler\ti-cgt-c2000_18.12.1.LTS\lib\</path>
         <kind>archive</kind>
         <file>rts2800_fpu32.lib</file>
         <name>startup.c.obj</name>
      </input_file>
      <input_file id="fl-66">
         <path>C:\ti\ccs901\ccs\tools\compiler\ti-cgt-c2000_18.12.1.LTS\lib\</path>
         <kind>archive</kind>
         <file>rts2800_fpu32.lib</file>
         <name>exit.c.obj</name>
      </input_file>
      <input_file id="fl-67">
         <path>C:\ti\ccs901\ccs\tools\compiler\ti-cgt-c2000_18.12.1.LTS\lib\</path>
         <kind>archive</kind>
         <file>rts2800_fpu32.lib</file>
         <name>_lock.c.obj</name>
      </input_file>
      <input_file id="fl-68">
         <path>C:\ti\ccs901\ccs\tools\compiler\ti-cgt-c2000_18.12.1.LTS\lib\</path>
         <kind>archive</kind>
         <file>rts2800_fpu32.lib</file>
         <name>args_main.c.obj</name>
      </input_file>
      <input_file id="fl-69">
         <path>C:\ti\ccs901\ccs\tools\compiler\ti-cgt-c2000_18.12.1.LTS\lib\</path>
         <kind>archive</kind>
         <file>rts2800_fpu32.lib</file>
         <name>memory.c.obj</name>
      </input_file>
      <input_file id="fl-6a">
         <path>C:\ti\ccs901\ccs\tools\compiler\ti-cgt-c2000_18.12.1.LTS\lib\</path>
         <kind>archive</kind>
         <file>rts2800_fpu32.lib</file>
         <name>memset.c.obj</name>
      </input_file>
   </input_file_list>
   <object_component_list>
      <object_component id="oc-178">
         <name>PieVectTableFile</name>
         <uninitialized>true</uninitialized>
         <run_address>0xd00</run_address>
         <size>0x100</size>
         <input_file_ref idref="fl-37"/>
      </object_component>
      <object_component id="oc-174">
         <name>DevEmuRegsFile</name>
         <uninitialized>true</uninitialized>
         <run_address>0x880</run_address>
         <size>0xd0</size>
         <input_file_ref idref="fl-37"/>
      </object_component>
      <object_component id="oc-14c">
         <name>FlashRegsFile</name>
         <uninitialized>true</uninitialized>
         <run_address>0xa80</run_address>
         <size>0x8</size>
         <input_file_ref idref="fl-37"/>
      </object_component>
      <object_component id="oc-14f">
         <name>CsmRegsFile</name>
         <uninitialized>true</uninitialized>
         <run_address>0xae0</run_address>
         <size>0x10</size>
         <input_file_ref idref="fl-37"/>
      </object_component>
      <object_component id="oc-14e">
         <name>AdcMirrorFile</name>
         <uninitialized>true</uninitialized>
         <run_address>0xb00</run_address>
         <size>0x10</size>
         <input_file_ref idref="fl-37"/>
      </object_component>
      <object_component id="oc-157">
         <name>XintfRegsFile</name>
         <uninitialized>true</uninitialized>
         <run_address>0xb20</run_address>
         <size>0x1e</size>
         <input_file_ref idref="fl-37"/>
      </object_component>
      <object_component id="oc-148">
         <name>CpuTimer0RegsFile</name>
         <uninitialized>true</uninitialized>
         <run_address>0xc00</run_address>
         <size>0x8</size>
         <input_file_ref idref="fl-37"/>
      </object_component>
      <object_component id="oc-149">
         <name>CpuTimer1RegsFile</name>
         <uninitialized>true</uninitialized>
         <run_address>0xc08</run_address>
         <size>0x8</size>
         <input_file_ref idref="fl-37"/>
      </object_component>
      <object_component id="oc-14a">
         <name>CpuTimer2RegsFile</name>
         <uninitialized>true</uninitialized>
         <run_address>0xc10</run_address>
         <size>0x8</size>
         <input_file_ref idref="fl-37"/>
      </object_component>
      <object_component id="oc-155">
         <name>PieCtrlRegsFile</name>
         <uninitialized>true</uninitialized>
         <run_address>0xce0</run_address>
         <size>0x1a</size>
         <input_file_ref idref="fl-37"/>
      </object_component>
      <object_component id="oc-175">
         <name>DmaRegsFile</name>
         <uninitialized>true</uninitialized>
         <run_address>0x1000</run_address>
         <size>0xe0</size>
         <input_file_ref idref="fl-37"/>
      </object_component>
      <object_component id="oc-167">
         <name>McbspaRegsFile</name>
         <uninitialized>true</uninitialized>
         <run_address>0x5000</run_address>
         <size>0x25</size>
         <input_file_ref idref="fl-37"/>
      </object_component>
      <object_component id="oc-168">
         <name>McbspbRegsFile</name>
         <uninitialized>true</uninitialized>
         <run_address>0x5040</run_address>
         <size>0x25</size>
         <input_file_ref idref="fl-37"/>
      </object_component>
      <object_component id="oc-16a">
         <name>ECanaRegsFile</name>
         <uninitialized>true</uninitialized>
         <run_address>0x6000</run_address>
         <size>0x34</size>
         <input_file_ref idref="fl-37"/>
      </object_component>
      <object_component id="oc-16c">
         <name>ECanaLAMRegsFile</name>
         <uninitialized>true</uninitialized>
         <run_address>0x6040</run_address>
         <size>0x40</size>
         <input_file_ref idref="fl-37"/>
      </object_component>
      <object_component id="oc-176">
         <name>ECanaMboxesFile</name>
         <uninitialized>true</uninitialized>
         <run_address>0x6100</run_address>
         <size>0x100</size>
         <input_file_ref idref="fl-37"/>
      </object_component>
      <object_component id="oc-16d">
         <name>ECanaMOTSRegsFile</name>
         <uninitialized>true</uninitialized>
         <run_address>0x6080</run_address>
         <size>0x40</size>
         <input_file_ref idref="fl-37"/>
      </object_component>
      <object_component id="oc-16e">
         <name>ECanaMOTORegsFile</name>
         <uninitialized>true</uninitialized>
         <run_address>0x60c0</run_address>
         <size>0x40</size>
         <input_file_ref idref="fl-37"/>
      </object_component>
      <object_component id="oc-16b">
         <name>ECanbRegsFile</name>
         <uninitialized>true</uninitialized>
         <run_address>0x6200</run_address>
         <size>0x34</size>
         <input_file_ref idref="fl-37"/>
      </object_component>
      <object_component id="oc-16f">
         <name>ECanbLAMRegsFile</name>
         <uninitialized>true</uninitialized>
         <run_address>0x6240</run_address>
         <size>0x40</size>
         <input_file_ref idref="fl-37"/>
      </object_component>
      <object_component id="oc-177">
         <name>ECanbMboxesFile</name>
         <uninitialized>true</uninitialized>
         <run_address>0x6300</run_address>
         <size>0x100</size>
         <input_file_ref idref="fl-37"/>
      </object_component>
      <object_component id="oc-170">
         <name>ECanbMOTSRegsFile</name>
         <uninitialized>true</uninitialized>
         <run_address>0x6280</run_address>
         <size>0x40</size>
         <input_file_ref idref="fl-37"/>
      </object_component>
      <object_component id="oc-171">
         <name>ECanbMOTORegsFile</name>
         <uninitialized>true</uninitialized>
         <run_address>0x62c0</run_address>
         <size>0x40</size>
         <input_file_ref idref="fl-37"/>
      </object_component>
      <object_component id="oc-160">
         <name>EPwm1RegsFile</name>
         <uninitialized>true</uninitialized>
         <run_address>0x6800</run_address>
         <size>0x22</size>
         <input_file_ref idref="fl-37"/>
      </object_component>
      <object_component id="oc-161">
         <name>EPwm2RegsFile</name>
         <uninitialized>true</uninitialized>
         <run_address>0x6840</run_address>
         <size>0x22</size>
         <input_file_ref idref="fl-37"/>
      </object_component>
      <object_component id="oc-162">
         <name>EPwm3RegsFile</name>
         <uninitialized>true</uninitialized>
         <run_address>0x6880</run_address>
         <size>0x22</size>
         <input_file_ref idref="fl-37"/>
      </object_component>
      <object_component id="oc-163">
         <name>EPwm4RegsFile</name>
         <uninitialized>true</uninitialized>
         <run_address>0x68c0</run_address>
         <size>0x22</size>
         <input_file_ref idref="fl-37"/>
      </object_component>
      <object_component id="oc-164">
         <name>EPwm5RegsFile</name>
         <uninitialized>true</uninitialized>
         <run_address>0x6900</run_address>
         <size>0x22</size>
         <input_file_ref idref="fl-37"/>
      </object_component>
      <object_component id="oc-165">
         <name>EPwm6RegsFile</name>
         <uninitialized>true</uninitialized>
         <run_address>0x6940</run_address>
         <size>0x22</size>
         <input_file_ref idref="fl-37"/>
      </object_component>
      <object_component id="oc-158">
         <name>ECap1RegsFile</name>
         <uninitialized>true</uninitialized>
         <run_address>0x6a00</run_address>
         <size>0x20</size>
         <input_file_ref idref="fl-37"/>
      </object_component>
      <object_component id="oc-159">
         <name>ECap2RegsFile</name>
         <uninitialized>true</uninitialized>
         <run_address>0x6a20</run_address>
         <size>0x20</size>
         <input_file_ref idref="fl-37"/>
      </object_component>
      <object_component id="oc-15a">
         <name>ECap3RegsFile</name>
         <uninitialized>true</uninitialized>
         <run_address>0x6a40</run_address>
         <size>0x20</size>
         <input_file_ref idref="fl-37"/>
      </object_component>
      <object_component id="oc-15b">
         <name>ECap4RegsFile</name>
         <uninitialized>true</uninitialized>
         <run_address>0x6a60</run_address>
         <size>0x20</size>
         <input_file_ref idref="fl-37"/>
      </object_component>
      <object_component id="oc-15c">
         <name>ECap5RegsFile</name>
         <uninitialized>true</uninitialized>
         <run_address>0x6a80</run_address>
         <size>0x20</size>
         <input_file_ref idref="fl-37"/>
      </object_component>
      <object_component id="oc-15d">
         <name>ECap6RegsFile</name>
         <uninitialized>true</uninitialized>
         <run_address>0x6aa0</run_address>
         <size>0x20</size>
         <input_file_ref idref="fl-37"/>
      </object_component>
      <object_component id="oc-172">
         <name>EQep1RegsFile</name>
         <uninitialized>true</uninitialized>
         <run_address>0x6b00</run_address>
         <size>0x40</size>
         <input_file_ref idref="fl-37"/>
      </object_component>
      <object_component id="oc-173">
         <name>EQep2RegsFile</name>
         <uninitialized>true</uninitialized>
         <run_address>0x6b40</run_address>
         <size>0x40</size>
         <input_file_ref idref="fl-37"/>
      </object_component>
      <object_component id="oc-169">
         <name>GpioCtrlRegsFile</name>
         <uninitialized>true</uninitialized>
         <run_address>0x6f80</run_address>
         <size>0x2e</size>
         <input_file_ref idref="fl-37"/>
      </object_component>
      <object_component id="oc-15e">
         <name>GpioDataRegsFile</name>
         <uninitialized>true</uninitialized>
         <run_address>0x6fc0</run_address>
         <size>0x20</size>
         <input_file_ref idref="fl-37"/>
      </object_component>
      <object_component id="oc-14d">
         <name>GpioIntRegsFile</name>
         <uninitialized>true</uninitialized>
         <run_address>0x6fe0</run_address>
         <size>0xa</size>
         <input_file_ref idref="fl-37"/>
      </object_component>
      <object_component id="oc-15f">
         <name>SysCtrlRegsFile</name>
         <uninitialized>true</uninitialized>
         <run_address>0x7010</run_address>
         <size>0x20</size>
         <input_file_ref idref="fl-37"/>
      </object_component>
      <object_component id="oc-153">
         <name>SpiaRegsFile</name>
         <uninitialized>true</uninitialized>
         <run_address>0x7040</run_address>
         <size>0x10</size>
         <input_file_ref idref="fl-37"/>
      </object_component>
      <object_component id="oc-150">
         <name>SciaRegsFile</name>
         <uninitialized>true</uninitialized>
         <run_address>0x7050</run_address>
         <size>0x10</size>
         <input_file_ref idref="fl-37"/>
      </object_component>
      <object_component id="oc-154">
         <name>XIntruptRegsFile</name>
         <uninitialized>true</uninitialized>
         <run_address>0x7070</run_address>
         <size>0x10</size>
         <input_file_ref idref="fl-37"/>
      </object_component>
      <object_component id="oc-156">
         <name>AdcRegsFile</name>
         <uninitialized>true</uninitialized>
         <run_address>0x7100</run_address>
         <size>0x1e</size>
         <input_file_ref idref="fl-37"/>
      </object_component>
      <object_component id="oc-151">
         <name>ScibRegsFile</name>
         <uninitialized>true</uninitialized>
         <run_address>0x7750</run_address>
         <size>0x10</size>
         <input_file_ref idref="fl-37"/>
      </object_component>
      <object_component id="oc-152">
         <name>ScicRegsFile</name>
         <uninitialized>true</uninitialized>
         <run_address>0x7770</run_address>
         <size>0x10</size>
         <input_file_ref idref="fl-37"/>
      </object_component>
      <object_component id="oc-166">
         <name>I2caRegsFile</name>
         <uninitialized>true</uninitialized>
         <run_address>0x7900</run_address>
         <size>0x22</size>
         <input_file_ref idref="fl-37"/>
      </object_component>
      <object_component id="oc-14b">
         <name>CsmPwlFile</name>
         <uninitialized>true</uninitialized>
         <run_address>0x33fff8</run_address>
         <size>0x8</size>
         <input_file_ref idref="fl-37"/>
      </object_component>
      <object_component id="oc-147">
         <name>PartIdRegsFile</name>
         <uninitialized>true</uninitialized>
         <run_address>0x380090</run_address>
         <size>0x1</size>
         <input_file_ref idref="fl-37"/>
      </object_component>
      <object_component id="oc-23a">
         <name>.cinit:_CfgGpioTbl_User</name>
         <load_address>0x33adf4</load_address>
         <run_address>0x33adf4</run_address>
         <size>0x33</size>
         <input_file_ref idref="fl-29"/>
      </object_component>
      <object_component id="oc-d5">
         <name>.cinit</name>
         <load_address>0x33ae27</load_address>
         <run_address>0x33ae27</run_address>
         <size>0x2e</size>
         <input_file_ref idref="fl-23"/>
      </object_component>
      <object_component id="oc-fb">
         <name>.cinit</name>
         <load_address>0x33ae55</load_address>
         <run_address>0x33ae55</run_address>
         <size>0x22</size>
         <input_file_ref idref="fl-29"/>
      </object_component>
      <object_component id="oc-a0">
         <name>.cinit</name>
         <load_address>0x33ae77</load_address>
         <run_address>0x33ae77</run_address>
         <size>0x1d</size>
         <input_file_ref idref="fl-18"/>
      </object_component>
      <object_component id="oc-23d">
         <name>.cinit:_CfgPwmTbl_User</name>
         <load_address>0x33ae94</load_address>
         <run_address>0x33ae94</run_address>
         <size>0x1b</size>
         <input_file_ref idref="fl-29"/>
      </object_component>
      <object_component id="oc-e6">
         <name>.cinit</name>
         <load_address>0x33aeaf</load_address>
         <run_address>0x33aeaf</run_address>
         <size>0x14</size>
         <input_file_ref idref="fl-26"/>
      </object_component>
      <object_component id="oc-26d">
         <name>.cinit:_arinc429</name>
         <load_address>0x33aec3</load_address>
         <run_address>0x33aec3</run_address>
         <size>0xe</size>
         <input_file_ref idref="fl-21"/>
      </object_component>
      <object_component id="oc-b7">
         <name>.cinit</name>
         <load_address>0x33aed1</load_address>
         <run_address>0x33aed1</run_address>
         <size>0xe</size>
         <input_file_ref idref="fl-1d"/>
      </object_component>
      <object_component id="oc-205">
         <name>.cinit</name>
         <load_address>0x33aedf</load_address>
         <run_address>0x33aedf</run_address>
         <size>0xe</size>
         <input_file_ref idref="fl-66"/>
      </object_component>
      <object_component id="oc-1ac">
         <name>.cinit</name>
         <load_address>0x33aeed</load_address>
         <run_address>0x33aeed</run_address>
         <size>0xa</size>
         <input_file_ref idref="fl-48"/>
      </object_component>
      <object_component id="oc-f4">
         <name>.cinit</name>
         <load_address>0x33aef7</load_address>
         <run_address>0x33aef7</run_address>
         <size>0xa</size>
         <input_file_ref idref="fl-28"/>
      </object_component>
      <object_component id="oc-249">
         <name>.cinit:_CfgTimerTbl_User</name>
         <load_address>0x33af01</load_address>
         <run_address>0x33af01</run_address>
         <size>0x9</size>
         <input_file_ref idref="fl-29"/>
      </object_component>
      <object_component id="oc-24c">
         <name>.cinit:_CfgInterruptTbl_User</name>
         <load_address>0x33af0a</load_address>
         <run_address>0x33af0a</run_address>
         <size>0x8</size>
         <input_file_ref idref="fl-29"/>
      </object_component>
      <object_component id="oc-240">
         <name>.cinit:_CfgSciTbl_User</name>
         <load_address>0x33af12</load_address>
         <run_address>0x33af12</run_address>
         <size>0x8</size>
         <input_file_ref idref="fl-29"/>
      </object_component>
      <object_component id="oc-246">
         <name>.cinit:_CfgXintfTbl_User</name>
         <load_address>0x33af1a</load_address>
         <run_address>0x33af1a</run_address>
         <size>0x8</size>
         <input_file_ref idref="fl-29"/>
      </object_component>
      <object_component id="oc-c5">
         <name>.cinit</name>
         <load_address>0x33af22</load_address>
         <run_address>0x33af22</run_address>
         <size>0x8</size>
         <input_file_ref idref="fl-20"/>
      </object_component>
      <object_component id="oc-243">
         <name>.cinit:_CfgSpiTbl_User</name>
         <load_address>0x33af2a</load_address>
         <run_address>0x33af2a</run_address>
         <size>0x7</size>
         <input_file_ref idref="fl-29"/>
      </object_component>
      <object_component id="oc-270">
         <name>.cinit:_gTest</name>
         <load_address>0x33af31</load_address>
         <run_address>0x33af31</run_address>
         <size>0x7</size>
         <input_file_ref idref="fl-27"/>
      </object_component>
      <object_component id="oc-22f">
         <name>.cinit:__lock</name>
         <load_address>0x33af38</load_address>
         <run_address>0x33af38</run_address>
         <size>0x5</size>
         <input_file_ref idref="fl-67"/>
      </object_component>
      <object_component id="oc-250">
         <name>.cinit:__unlock</name>
         <load_address>0x33af3d</load_address>
         <run_address>0x33af3d</run_address>
         <size>0x5</size>
         <input_file_ref idref="fl-67"/>
      </object_component>
      <object_component id="oc-ed">
         <name>.cinit</name>
         <load_address>0x33af42</load_address>
         <run_address>0x33af42</run_address>
         <size>0x5</size>
         <input_file_ref idref="fl-27"/>
      </object_component>
      <object_component id="oc-237">
         <name>.cinit:_CfgAdcTbl_User</name>
         <load_address>0x33af47</load_address>
         <run_address>0x33af47</run_address>
         <size>0x4</size>
         <input_file_ref idref="fl-29"/>
      </object_component>
      <object_component id="oc-25b">
         <name>.cinit:_gRx422TxEnableFlag</name>
         <load_address>0x33af4b</load_address>
         <run_address>0x33af4b</run_address>
         <size>0x4</size>
         <input_file_ref idref="fl-23"/>
      </object_component>
      <object_component id="oc-258">
         <name>.cinit:_rs422rxPack</name>
         <load_address>0x33af4f</load_address>
         <run_address>0x33af4f</run_address>
         <size>0x4</size>
         <input_file_ref idref="fl-23"/>
      </object_component>
      <object_component id="oc-b0">
         <name>.cinit</name>
         <load_address>0x33af53</load_address>
         <run_address>0x33af53</run_address>
         <size>0x4</size>
         <input_file_ref idref="fl-1c"/>
      </object_component>
      <object_component id="oc-cc">
         <name>.cinit</name>
         <load_address>0x33af57</load_address>
         <run_address>0x33af57</run_address>
         <size>0x4</size>
         <input_file_ref idref="fl-21"/>
      </object_component>
      <object_component id="oc-216">
         <name>.cinit</name>
         <load_address>0x33af5b</load_address>
         <run_address>0x33af5b</run_address>
         <size>0x4</size>
         <input_file_ref idref="fl-69"/>
      </object_component>
      <object_component id="oc-234">
         <name>.text</name>
         <load_address>0x338000</load_address>
         <run_address>0x338000</run_address>
         <size>0x534</size>
         <input_file_ref idref="fl-23"/>
      </object_component>
      <object_component id="oc-23b">
         <name>.text</name>
         <load_address>0x338534</load_address>
         <run_address>0x338534</run_address>
         <size>0x4f2</size>
         <input_file_ref idref="fl-b"/>
      </object_component>
      <object_component id="oc-12d">
         <name>.text:retain</name>
         <load_address>0x338a26</load_address>
         <run_address>0x338a26</run_address>
         <size>0x47f</size>
         <input_file_ref idref="fl-32"/>
      </object_component>
      <object_component id="oc-23e">
         <name>.text</name>
         <load_address>0x338ea5</load_address>
         <run_address>0x338ea5</run_address>
         <size>0x350</size>
         <input_file_ref idref="fl-d"/>
      </object_component>
      <object_component id="oc-25c">
         <name>.text</name>
         <load_address>0x3391f5</load_address>
         <run_address>0x3391f5</run_address>
         <size>0x266</size>
         <input_file_ref idref="fl-69"/>
      </object_component>
      <object_component id="oc-230">
         <name>.text</name>
         <load_address>0x33945b</load_address>
         <run_address>0x33945b</run_address>
         <size>0x203</size>
         <input_file_ref idref="fl-20"/>
      </object_component>
      <object_component id="oc-24e">
         <name>.text</name>
         <load_address>0x33965e</load_address>
         <run_address>0x33965e</run_address>
         <size>0x1ca</size>
         <input_file_ref idref="fl-21"/>
      </object_component>
      <object_component id="oc-241">
         <name>.text</name>
         <load_address>0x339828</load_address>
         <run_address>0x339828</run_address>
         <size>0x18d</size>
         <input_file_ref idref="fl-e"/>
      </object_component>
      <object_component id="oc-22d">
         <name>.text</name>
         <load_address>0x3399b5</load_address>
         <run_address>0x3399b5</run_address>
         <size>0x150</size>
         <input_file_ref idref="fl-29"/>
      </object_component>
      <object_component id="oc-235">
         <name>.text</name>
         <load_address>0x339b05</load_address>
         <run_address>0x339b05</run_address>
         <size>0x14a</size>
         <input_file_ref idref="fl-1c"/>
      </object_component>
      <object_component id="oc-231">
         <name>.text</name>
         <load_address>0x339c4f</load_address>
         <run_address>0x339c4f</run_address>
         <size>0x13b</size>
         <input_file_ref idref="fl-25"/>
      </object_component>
      <object_component id="oc-232">
         <name>.text</name>
         <load_address>0x339d8a</load_address>
         <run_address>0x339d8a</run_address>
         <size>0x112</size>
         <input_file_ref idref="fl-40"/>
      </object_component>
      <object_component id="oc-247">
         <name>.text</name>
         <load_address>0x339e9c</load_address>
         <run_address>0x339e9c</run_address>
         <size>0xcc</size>
         <input_file_ref idref="fl-11"/>
      </object_component>
      <object_component id="oc-238">
         <name>.text</name>
         <load_address>0x339f68</load_address>
         <run_address>0x339f68</run_address>
         <size>0xa5</size>
         <input_file_ref idref="fl-a"/>
      </object_component>
      <object_component id="oc-265">
         <name>.text</name>
         <load_address>0x33a00d</load_address>
         <run_address>0x33a00d</run_address>
         <size>0x9f</size>
         <input_file_ref idref="fl-41"/>
      </object_component>
      <object_component id="oc-253">
         <name>.text</name>
         <load_address>0x33a0ac</load_address>
         <run_address>0x33a0ac</run_address>
         <size>0x9f</size>
         <input_file_ref idref="fl-24"/>
      </object_component>
      <object_component id="oc-233">
         <name>.text</name>
         <load_address>0x33a14b</load_address>
         <run_address>0x33a14b</run_address>
         <size>0x9f</size>
         <input_file_ref idref="fl-28"/>
      </object_component>
      <object_component id="oc-269">
         <name>.text</name>
         <load_address>0x33a1ea</load_address>
         <run_address>0x33a1ea</run_address>
         <size>0x90</size>
         <input_file_ref idref="fl-3c"/>
      </object_component>
      <object_component id="oc-244">
         <name>.text</name>
         <load_address>0x33a27a</load_address>
         <run_address>0x33a27a</run_address>
         <size>0x88</size>
         <input_file_ref idref="fl-f"/>
      </object_component>
      <object_component id="oc-1d7">
         <name>.text</name>
         <load_address>0x33a302</load_address>
         <run_address>0x33a302</run_address>
         <size>0x88</size>
         <input_file_ref idref="fl-5d"/>
      </object_component>
      <object_component id="oc-24d">
         <name>.text</name>
         <load_address>0x33a38a</load_address>
         <run_address>0x33a38a</run_address>
         <size>0x84</size>
         <input_file_ref idref="fl-c"/>
      </object_component>
      <object_component id="oc-227">
         <name>.text</name>
         <load_address>0x33a40e</load_address>
         <run_address>0x33a40e</run_address>
         <size>0x82</size>
         <input_file_ref idref="fl-18"/>
      </object_component>
      <object_component id="oc-267">
         <name>.text</name>
         <load_address>0x33a490</load_address>
         <run_address>0x33a490</run_address>
         <size>0x7b</size>
         <input_file_ref idref="fl-30"/>
      </object_component>
      <object_component id="oc-25f">
         <name>.text</name>
         <load_address>0x33a50b</load_address>
         <run_address>0x33a50b</run_address>
         <size>0x5b</size>
         <input_file_ref idref="fl-2f"/>
      </object_component>
      <object_component id="oc-4e">
         <name>.text</name>
         <load_address>0x33a566</load_address>
         <run_address>0x33a566</run_address>
         <size>0x56</size>
         <input_file_ref idref="fl-5c"/>
      </object_component>
      <object_component id="oc-24a">
         <name>.text</name>
         <load_address>0x33a5bc</load_address>
         <run_address>0x33a5bc</run_address>
         <size>0x55</size>
         <input_file_ref idref="fl-10"/>
      </object_component>
      <object_component id="oc-252">
         <name>.text</name>
         <load_address>0x33a611</load_address>
         <run_address>0x33a611</run_address>
         <size>0x2d</size>
         <input_file_ref idref="fl-27"/>
      </object_component>
      <object_component id="oc-1eb">
         <name>.text</name>
         <load_address>0x33a63e</load_address>
         <run_address>0x33a63e</run_address>
         <size>0x2a</size>
         <input_file_ref idref="fl-61"/>
      </object_component>
      <object_component id="oc-226">
         <name>.text</name>
         <load_address>0x33a668</load_address>
         <run_address>0x33a668</run_address>
         <size>0x29</size>
         <input_file_ref idref="fl-66"/>
      </object_component>
      <object_component id="oc-223">
         <name>.text</name>
         <load_address>0x33a691</load_address>
         <run_address>0x33a691</run_address>
         <size>0x24</size>
         <input_file_ref idref="fl-62"/>
      </object_component>
      <object_component id="oc-1e1">
         <name>.text</name>
         <load_address>0x33a6b5</load_address>
         <run_address>0x33a6b5</run_address>
         <size>0x22</size>
         <input_file_ref idref="fl-5f"/>
      </object_component>
      <object_component id="oc-26a">
         <name>.text</name>
         <load_address>0x33a6d7</load_address>
         <run_address>0x33a6d7</run_address>
         <size>0x20</size>
         <input_file_ref idref="fl-3d"/>
      </object_component>
      <object_component id="oc-1dc">
         <name>.text</name>
         <load_address>0x33a6f7</load_address>
         <run_address>0x33a6f7</run_address>
         <size>0x1e</size>
         <input_file_ref idref="fl-5e"/>
      </object_component>
      <object_component id="oc-22c">
         <name>.text</name>
         <load_address>0x33a715</load_address>
         <run_address>0x33a715</run_address>
         <size>0x1d</size>
         <input_file_ref idref="fl-63"/>
      </object_component>
      <object_component id="oc-225">
         <name>.text</name>
         <load_address>0x33a732</load_address>
         <run_address>0x33a732</run_address>
         <size>0x19</size>
         <input_file_ref idref="fl-68"/>
      </object_component>
      <object_component id="oc-254">
         <name>.text</name>
         <load_address>0x33a74b</load_address>
         <run_address>0x33a74b</run_address>
         <size>0x13</size>
         <input_file_ref idref="fl-3b"/>
      </object_component>
      <object_component id="oc-256">
         <name>.text</name>
         <load_address>0x33a75e</load_address>
         <run_address>0x33a75e</run_address>
         <size>0xf</size>
         <input_file_ref idref="fl-13"/>
      </object_component>
      <object_component id="oc-271">
         <name>.text</name>
         <load_address>0x33a76d</load_address>
         <run_address>0x33a76d</run_address>
         <size>0xc</size>
         <input_file_ref idref="fl-6a"/>
      </object_component>
      <object_component id="oc-1e6">
         <name>.text</name>
         <load_address>0x33a779</load_address>
         <run_address>0x33a779</run_address>
         <size>0xb</size>
         <input_file_ref idref="fl-60"/>
      </object_component>
      <object_component id="oc-24f">
         <name>.text</name>
         <load_address>0x33a784</load_address>
         <run_address>0x33a784</run_address>
         <size>0x9</size>
         <input_file_ref idref="fl-67"/>
      </object_component>
      <object_component id="oc-106">
         <name>.text</name>
         <load_address>0x33a78d</load_address>
         <run_address>0x33a78d</run_address>
         <size>0x8</size>
         <input_file_ref idref="fl-2b"/>
      </object_component>
      <object_component id="oc-22a">
         <name>.text</name>
         <load_address>0x33a795</load_address>
         <run_address>0x33a795</run_address>
         <size>0x8</size>
         <input_file_ref idref="fl-16"/>
      </object_component>
      <object_component id="oc-22b">
         <name>.text</name>
         <load_address>0x33a79d</load_address>
         <run_address>0x33a79d</run_address>
         <size>0x8</size>
         <input_file_ref idref="fl-17"/>
      </object_component>
      <object_component id="oc-111">
         <name>.text</name>
         <load_address>0x33a7a5</load_address>
         <run_address>0x33a7a5</run_address>
         <size>0x7</size>
         <input_file_ref idref="fl-2d"/>
      </object_component>
      <object_component id="oc-229">
         <name>.text</name>
         <load_address>0x33a7ac</load_address>
         <run_address>0x33a7ac</run_address>
         <size>0x5</size>
         <input_file_ref idref="fl-15"/>
      </object_component>
      <object_component id="oc-10c">
         <name>.text</name>
         <load_address>0x33a7b1</load_address>
         <run_address>0x33a7b1</run_address>
         <size>0x3</size>
         <input_file_ref idref="fl-2c"/>
      </object_component>
      <object_component id="oc-222">
         <name>.text</name>
         <load_address>0x33a7b4</load_address>
         <run_address>0x33a7b4</run_address>
         <size>0x2</size>
         <input_file_ref idref="fl-64"/>
      </object_component>
      <object_component id="oc-224">
         <name>.text</name>
         <load_address>0x33a7b6</load_address>
         <run_address>0x33a7b6</run_address>
         <size>0x1</size>
         <input_file_ref idref="fl-65"/>
      </object_component>
      <object_component id="oc-228">
         <name>.text</name>
         <load_address>0x33a7b7</load_address>
         <run_address>0x33a7b7</run_address>
         <size>0x1</size>
         <input_file_ref idref="fl-19"/>
      </object_component>
      <object_component id="oc-107">
         <name>codestart</name>
         <load_address>0x33fff6</load_address>
         <run_address>0x33fff6</run_address>
         <size>0x2</size>
         <input_file_ref idref="fl-2b"/>
      </object_component>
      <object_component id="oc-1ae">
         <name>.text</name>
         <load_address>0x300000</load_address>
         <run_address>0x8000</run_address>
         <size>0xaa</size>
         <input_file_ref idref="fl-49"/>
      </object_component>
      <object_component id="oc-1cd">
         <name>.text</name>
         <load_address>0x3000aa</load_address>
         <run_address>0x80aa</run_address>
         <size>0x84</size>
         <input_file_ref idref="fl-50"/>
      </object_component>
      <object_component id="oc-1b3">
         <name>.text</name>
         <load_address>0x30012e</load_address>
         <run_address>0x812e</run_address>
         <size>0x80</size>
         <input_file_ref idref="fl-4a"/>
      </object_component>
      <object_component id="oc-1bb">
         <name>.text</name>
         <load_address>0x3001ae</load_address>
         <run_address>0x81ae</run_address>
         <size>0x44</size>
         <input_file_ref idref="fl-4c"/>
      </object_component>
      <object_component id="oc-1c8">
         <name>.text</name>
         <load_address>0x3001f2</load_address>
         <run_address>0x81f2</run_address>
         <size>0x29</size>
         <input_file_ref idref="fl-4f"/>
      </object_component>
      <object_component id="oc-1b7">
         <name>.text</name>
         <load_address>0x30021b</load_address>
         <run_address>0x821b</run_address>
         <size>0x14</size>
         <input_file_ref idref="fl-4b"/>
      </object_component>
      <object_component id="oc-1c0">
         <name>.text</name>
         <load_address>0x30022f</load_address>
         <run_address>0x822f</run_address>
         <size>0xd</size>
         <input_file_ref idref="fl-4d"/>
      </object_component>
      <object_component id="oc-1c4">
         <name>.text</name>
         <load_address>0x30023c</load_address>
         <run_address>0x823c</run_address>
         <size>0x7</size>
         <input_file_ref idref="fl-4e"/>
      </object_component>
      <object_component id="oc-255">
         <name>ramfuncs</name>
         <load_address>0x320000</load_address>
         <run_address>0x8243</run_address>
         <size>0x1b</size>
         <input_file_ref idref="fl-40"/>
      </object_component>
      <object_component id="oc-116">
         <name>ramfuncs</name>
         <load_address>0x32001b</load_address>
         <run_address>0x825e</run_address>
         <size>0x4</size>
         <input_file_ref idref="fl-2e"/>
      </object_component>
      <object_component id="oc-1d1">
         <name>.stack</name>
         <uninitialized>true</uninitialized>
         <run_address>0x400</run_address>
         <size>0x0</size>
         <input_file_ref idref="fl-5c"/>
      </object_component>
      <object_component id="oc-2c9">
         <name>.stack</name>
         <uninitialized>true</uninitialized>
         <run_address>0x400</run_address>
         <size>0x0</size>
      </object_component>
      <object_component id="oc-a1">
         <name>.ebss</name>
         <uninitialized>true</uninitialized>
         <run_address>0xc5ee</run_address>
         <size>0xc</size>
         <input_file_ref idref="fl-18"/>
      </object_component>
      <object_component id="oc-b1">
         <name>.ebss</name>
         <uninitialized>true</uninitialized>
         <run_address>0xc400</run_address>
         <size>0xe8</size>
         <input_file_ref idref="fl-1c"/>
      </object_component>
      <object_component id="oc-b8">
         <name>.ebss</name>
         <uninitialized>true</uninitialized>
         <run_address>0xc628</run_address>
         <size>0x6</size>
         <input_file_ref idref="fl-1d"/>
      </object_component>
      <object_component id="oc-c6">
         <name>.ebss</name>
         <uninitialized>true</uninitialized>
         <run_address>0xc5de</run_address>
         <size>0xf</size>
         <input_file_ref idref="fl-20"/>
      </object_component>
      <object_component id="oc-cd">
         <name>.ebss</name>
         <uninitialized>true</uninitialized>
         <run_address>0xc658</run_address>
         <size>0x2</size>
         <input_file_ref idref="fl-21"/>
      </object_component>
      <object_component id="oc-26c">
         <name>.ebss:_arinc429</name>
         <uninitialized>true</uninitialized>
         <run_address>0xc600</run_address>
         <size>0xb</size>
         <input_file_ref idref="fl-21"/>
      </object_component>
      <object_component id="oc-d6">
         <name>.ebss</name>
         <uninitialized>true</uninitialized>
         <run_address>0xc5b0</run_address>
         <size>0x10</size>
         <input_file_ref idref="fl-23"/>
      </object_component>
      <object_component id="oc-25a">
         <name>.ebss:_gRx422TxEnableFlag</name>
         <uninitialized>true</uninitialized>
         <run_address>0xc61f</run_address>
         <size>0x8</size>
         <input_file_ref idref="fl-23"/>
      </object_component>
      <object_component id="oc-257">
         <name>.ebss:_rs422rxPack</name>
         <uninitialized>true</uninitialized>
         <run_address>0xc500</run_address>
         <size>0x64</size>
         <input_file_ref idref="fl-23"/>
      </object_component>
      <object_component id="oc-e7">
         <name>.ebss</name>
         <uninitialized>true</uninitialized>
         <run_address>0xc5c0</run_address>
         <size>0x1e</size>
         <input_file_ref idref="fl-26"/>
      </object_component>
      <object_component id="oc-ee">
         <name>.ebss</name>
         <uninitialized>true</uninitialized>
         <run_address>0xc65a</run_address>
         <size>0x2</size>
         <input_file_ref idref="fl-27"/>
      </object_component>
      <object_component id="oc-26f">
         <name>.ebss:_gTest</name>
         <uninitialized>true</uninitialized>
         <run_address>0xc64e</run_address>
         <size>0x4</size>
         <input_file_ref idref="fl-27"/>
      </object_component>
      <object_component id="oc-f5">
         <name>.ebss</name>
         <uninitialized>true</uninitialized>
         <run_address>0xc616</run_address>
         <size>0x9</size>
         <input_file_ref idref="fl-28"/>
      </object_component>
      <object_component id="oc-236">
         <name>.ebss:_CfgAdcTbl_User</name>
         <uninitialized>true</uninitialized>
         <run_address>0xc5ed</run_address>
         <size>0x1</size>
         <input_file_ref idref="fl-29"/>
      </object_component>
      <object_component id="oc-fc">
         <name>.ebss</name>
         <uninitialized>true</uninitialized>
         <run_address>0xc60c</run_address>
         <size>0xa</size>
         <input_file_ref idref="fl-29"/>
      </object_component>
      <object_component id="oc-242">
         <name>.ebss:_CfgSpiTbl_User</name>
         <uninitialized>true</uninitialized>
         <run_address>0xc64a</run_address>
         <size>0x4</size>
         <input_file_ref idref="fl-29"/>
      </object_component>
      <object_component id="oc-23f">
         <name>.ebss:_CfgSciTbl_User</name>
         <uninitialized>true</uninitialized>
         <run_address>0xc639</run_address>
         <size>0x5</size>
         <input_file_ref idref="fl-29"/>
      </object_component>
      <object_component id="oc-245">
         <name>.ebss:_CfgXintfTbl_User</name>
         <uninitialized>true</uninitialized>
         <run_address>0xc640</run_address>
         <size>0x5</size>
         <input_file_ref idref="fl-29"/>
      </object_component>
      <object_component id="oc-24b">
         <name>.ebss:_CfgInterruptTbl_User</name>
         <uninitialized>true</uninitialized>
         <run_address>0xc634</run_address>
         <size>0x5</size>
         <input_file_ref idref="fl-29"/>
      </object_component>
      <object_component id="oc-248">
         <name>.ebss:_CfgTimerTbl_User</name>
         <uninitialized>true</uninitialized>
         <run_address>0xc5fa</run_address>
         <size>0x6</size>
         <input_file_ref idref="fl-29"/>
      </object_component>
      <object_component id="oc-23c">
         <name>.ebss:_CfgPwmTbl_User</name>
         <uninitialized>true</uninitialized>
         <run_address>0xc564</run_address>
         <size>0x18</size>
         <input_file_ref idref="fl-29"/>
      </object_component>
      <object_component id="oc-239">
         <name>.ebss:_CfgGpioTbl_User</name>
         <uninitialized>true</uninitialized>
         <run_address>0xc580</run_address>
         <size>0x30</size>
         <input_file_ref idref="fl-29"/>
      </object_component>
      <object_component id="oc-121">
         <name>.ebss</name>
         <uninitialized>true</uninitialized>
         <run_address>0xc4e8</run_address>
         <size>0x18</size>
         <input_file_ref idref="fl-30"/>
      </object_component>
      <object_component id="oc-127">
         <name>.ebss</name>
         <uninitialized>true</uninitialized>
         <run_address>0xc57c</run_address>
         <size>0x4</size>
         <input_file_ref idref="fl-31"/>
      </object_component>
      <object_component id="oc-1ad">
         <name>.ebss</name>
         <uninitialized>true</uninitialized>
         <run_address>0xc646</run_address>
         <size>0x4</size>
         <input_file_ref idref="fl-48"/>
      </object_component>
      <object_component id="oc-206">
         <name>.ebss</name>
         <uninitialized>true</uninitialized>
         <run_address>0xc62e</run_address>
         <size>0x6</size>
         <input_file_ref idref="fl-66"/>
      </object_component>
      <object_component id="oc-22e">
         <name>.ebss:__lock</name>
         <uninitialized>true</uninitialized>
         <run_address>0xc63e</run_address>
         <size>0x2</size>
         <input_file_ref idref="fl-67"/>
      </object_component>
      <object_component id="oc-26e">
         <name>.ebss:__unlock</name>
         <uninitialized>true</uninitialized>
         <run_address>0xc656</run_address>
         <size>0x2</size>
         <input_file_ref idref="fl-67"/>
      </object_component>
      <object_component id="oc-217">
         <name>.ebss</name>
         <uninitialized>true</uninitialized>
         <run_address>0xc652</run_address>
         <size>0x4</size>
         <input_file_ref idref="fl-69"/>
      </object_component>
      <object_component id="oc-218">
         <name>.esysmem</name>
         <uninitialized>true</uninitialized>
         <run_address>0xc000</run_address>
         <size>0x4</size>
         <input_file_ref idref="fl-69"/>
      </object_component>
      <object_component id="oc-2ca">
         <name>.esysmem</name>
         <uninitialized>true</uninitialized>
         <run_address>0xc000</run_address>
         <size>0x0</size>
      </object_component>
      <object_component id="oc-251">
         <name>.econst:_SDC_Sin_Tbl</name>
         <load_address>0x33a7b8</load_address>
         <run_address>0x33a7b8</run_address>
         <size>0x400</size>
         <input_file_ref idref="fl-1f"/>
      </object_component>
      <object_component id="oc-272">
         <name>.econst:_PieVectTableInit</name>
         <load_address>0x33abb8</load_address>
         <run_address>0x33abb8</run_address>
         <size>0x100</size>
         <input_file_ref idref="fl-3d"/>
      </object_component>
      <object_component id="oc-261">
         <name>.econst:_SDB_CfgGPIOHdlTbl</name>
         <load_address>0x33acb8</load_address>
         <run_address>0x33acb8</run_address>
         <size>0xb0</size>
         <input_file_ref idref="fl-b"/>
      </object_component>
      <object_component id="oc-25e">
         <name>.econst:_SDB_SingleAnologMaxMinInit</name>
         <load_address>0x33ad68</load_address>
         <run_address>0x33ad68</run_address>
         <size>0x3c</size>
         <input_file_ref idref="fl-1c"/>
      </object_component>
      <object_component id="oc-25d">
         <name>.econst:_SDB_SingleAdUVTBL</name>
         <load_address>0x33ada4</load_address>
         <run_address>0x33ada4</run_address>
         <size>0x1e</size>
         <input_file_ref idref="fl-1c"/>
      </object_component>
      <object_component id="oc-262">
         <name>.econst:_SDB_CfgPwmHdlTbl</name>
         <load_address>0x33adc2</load_address>
         <run_address>0x33adc2</run_address>
         <size>0x18</size>
         <input_file_ref idref="fl-d"/>
      </object_component>
      <object_component id="oc-259">
         <name>.econst:_SDB_MsgFuncTbl</name>
         <load_address>0x33adda</load_address>
         <run_address>0x33adda</run_address>
         <size>0x8</size>
         <input_file_ref idref="fl-23"/>
      </object_component>
      <object_component id="oc-263">
         <name>.econst:_SDB_CfgSCIHdlTbl</name>
         <load_address>0x33ade2</load_address>
         <run_address>0x33ade2</run_address>
         <size>0x6</size>
         <input_file_ref idref="fl-e"/>
      </object_component>
      <object_component id="oc-268">
         <name>.econst:_SDB_CfgTimerHdlTbl</name>
         <load_address>0x33ade8</load_address>
         <run_address>0x33ade8</run_address>
         <size>0x4</size>
         <input_file_ref idref="fl-10"/>
      </object_component>
      <object_component id="oc-260">
         <name>.econst:_SDB_CfgAdcHdlTbl</name>
         <load_address>0x33adec</load_address>
         <run_address>0x33adec</run_address>
         <size>0x2</size>
         <input_file_ref idref="fl-a"/>
      </object_component>
      <object_component id="oc-26b">
         <name>.econst:_SDB_CfgInterruptHdlTbl</name>
         <load_address>0x33adee</load_address>
         <run_address>0x33adee</run_address>
         <size>0x2</size>
         <input_file_ref idref="fl-c"/>
      </object_component>
      <object_component id="oc-264">
         <name>.econst:_SDB_CfgSpiHdlTbl</name>
         <load_address>0x33adf0</load_address>
         <run_address>0x33adf0</run_address>
         <size>0x2</size>
         <input_file_ref idref="fl-f"/>
      </object_component>
      <object_component id="oc-266">
         <name>.econst:_SDB_CfgXintfHdlTbl</name>
         <load_address>0x33adf2</load_address>
         <run_address>0x33adf2</run_address>
         <size>0x2</size>
         <input_file_ref idref="fl-11"/>
      </object_component>
      <object_component id="oc-1d2">
         <name>.reset</name>
         <load_address>0x3fffc0</load_address>
         <run_address>0x3fffc0</run_address>
         <size>0x2</size>
         <input_file_ref idref="fl-5c"/>
      </object_component>
      <object_component id="oc-101">
         <name>.adc_cal</name>
         <load_address>0x380080</load_address>
         <run_address>0x380080</run_address>
         <size>0x7</size>
         <input_file_ref idref="fl-2a"/>
      </object_component>
      <object_component id="oc-4f">
         <name>.debug_info</name>
         <load_address>0x0</load_address>
         <run_address>0x0</run_address>
         <size>0x161</size>
         <input_file_ref idref="fl-2"/>
      </object_component>
      <object_component id="oc-51">
         <name>.debug_info</name>
         <load_address>0x161</load_address>
         <run_address>0x161</run_address>
         <size>0x166</size>
         <input_file_ref idref="fl-3"/>
      </object_component>
      <object_component id="oc-53">
         <name>.debug_info</name>
         <load_address>0x2c7</load_address>
         <run_address>0x2c7</run_address>
         <size>0x162</size>
         <input_file_ref idref="fl-4"/>
      </object_component>
      <object_component id="oc-55">
         <name>.debug_info</name>
         <load_address>0x429</load_address>
         <run_address>0x429</run_address>
         <size>0x161</size>
         <input_file_ref idref="fl-5"/>
      </object_component>
      <object_component id="oc-57">
         <name>.debug_info</name>
         <load_address>0x58a</load_address>
         <run_address>0x58a</run_address>
         <size>0x162</size>
         <input_file_ref idref="fl-6"/>
      </object_component>
      <object_component id="oc-59">
         <name>.debug_info</name>
         <load_address>0x6ec</load_address>
         <run_address>0x6ec</run_address>
         <size>0x161</size>
         <input_file_ref idref="fl-7"/>
      </object_component>
      <object_component id="oc-5b">
         <name>.debug_info</name>
         <load_address>0x84d</load_address>
         <run_address>0x84d</run_address>
         <size>0x161</size>
         <input_file_ref idref="fl-8"/>
      </object_component>
      <object_component id="oc-5d">
         <name>.debug_info</name>
         <load_address>0x9ae</load_address>
         <run_address>0x9ae</run_address>
         <size>0x163</size>
         <input_file_ref idref="fl-9"/>
      </object_component>
      <object_component id="oc-5f">
         <name>.debug_info</name>
         <load_address>0xb11</load_address>
         <run_address>0xb11</run_address>
         <size>0x14f7</size>
         <input_file_ref idref="fl-a"/>
      </object_component>
      <object_component id="oc-64">
         <name>.debug_info</name>
         <load_address>0x2008</load_address>
         <run_address>0x2008</run_address>
         <size>0x5d93</size>
         <input_file_ref idref="fl-b"/>
      </object_component>
      <object_component id="oc-69">
         <name>.debug_info</name>
         <load_address>0x7d9b</load_address>
         <run_address>0x7d9b</run_address>
         <size>0x189a</size>
         <input_file_ref idref="fl-c"/>
      </object_component>
      <object_component id="oc-6e">
         <name>.debug_info</name>
         <load_address>0x9635</load_address>
         <run_address>0x9635</run_address>
         <size>0x4b26</size>
         <input_file_ref idref="fl-d"/>
      </object_component>
      <object_component id="oc-73">
         <name>.debug_info</name>
         <load_address>0xe15b</load_address>
         <run_address>0xe15b</run_address>
         <size>0x2c86</size>
         <input_file_ref idref="fl-e"/>
      </object_component>
      <object_component id="oc-78">
         <name>.debug_info</name>
         <load_address>0x10de1</load_address>
         <run_address>0x10de1</run_address>
         <size>0x2686</size>
         <input_file_ref idref="fl-f"/>
      </object_component>
      <object_component id="oc-7d">
         <name>.debug_info</name>
         <load_address>0x13467</load_address>
         <run_address>0x13467</run_address>
         <size>0xc80</size>
         <input_file_ref idref="fl-10"/>
      </object_component>
      <object_component id="oc-82">
         <name>.debug_info</name>
         <load_address>0x140e7</load_address>
         <run_address>0x140e7</run_address>
         <size>0x2014</size>
         <input_file_ref idref="fl-11"/>
      </object_component>
      <object_component id="oc-87">
         <name>.debug_info</name>
         <load_address>0x160fb</load_address>
         <run_address>0x160fb</run_address>
         <size>0x173</size>
         <input_file_ref idref="fl-12"/>
      </object_component>
      <object_component id="oc-89">
         <name>.debug_info</name>
         <load_address>0x1626e</load_address>
         <run_address>0x1626e</run_address>
         <size>0x51b</size>
         <input_file_ref idref="fl-13"/>
      </object_component>
      <object_component id="oc-8e">
         <name>.debug_info</name>
         <load_address>0x16789</load_address>
         <run_address>0x16789</run_address>
         <size>0x173</size>
         <input_file_ref idref="fl-14"/>
      </object_component>
      <object_component id="oc-90">
         <name>.debug_info</name>
         <load_address>0x168fc</load_address>
         <run_address>0x168fc</run_address>
         <size>0x5fd</size>
         <input_file_ref idref="fl-15"/>
      </object_component>
      <object_component id="oc-95">
         <name>.debug_info</name>
         <load_address>0x16ef9</load_address>
         <run_address>0x16ef9</run_address>
         <size>0x5af</size>
         <input_file_ref idref="fl-16"/>
      </object_component>
      <object_component id="oc-9a">
         <name>.debug_info</name>
         <load_address>0x174a8</load_address>
         <run_address>0x174a8</run_address>
         <size>0x5b2</size>
         <input_file_ref idref="fl-17"/>
      </object_component>
      <object_component id="oc-9f">
         <name>.debug_info</name>
         <load_address>0x17a5a</load_address>
         <run_address>0x17a5a</run_address>
         <size>0x10a2</size>
         <input_file_ref idref="fl-18"/>
      </object_component>
      <object_component id="oc-a6">
         <name>.debug_info</name>
         <load_address>0x18afc</load_address>
         <run_address>0x18afc</run_address>
         <size>0x38a</size>
         <input_file_ref idref="fl-19"/>
      </object_component>
      <object_component id="oc-ab">
         <name>.debug_info</name>
         <load_address>0x18e86</load_address>
         <run_address>0x18e86</run_address>
         <size>0x173</size>
         <input_file_ref idref="fl-1a"/>
      </object_component>
      <object_component id="oc-ad">
         <name>.debug_info</name>
         <load_address>0x18ff9</load_address>
         <run_address>0x18ff9</run_address>
         <size>0x173</size>
         <input_file_ref idref="fl-1b"/>
      </object_component>
      <object_component id="oc-af">
         <name>.debug_info</name>
         <load_address>0x1916c</load_address>
         <run_address>0x1916c</run_address>
         <size>0x2202</size>
         <input_file_ref idref="fl-1c"/>
      </object_component>
      <object_component id="oc-b6">
         <name>.debug_info</name>
         <load_address>0x1b36e</load_address>
         <run_address>0x1b36e</run_address>
         <size>0x412</size>
         <input_file_ref idref="fl-1d"/>
      </object_component>
      <object_component id="oc-bd">
         <name>.debug_info</name>
         <load_address>0x1b780</load_address>
         <run_address>0x1b780</run_address>
         <size>0x44d</size>
         <input_file_ref idref="fl-1e"/>
      </object_component>
      <object_component id="oc-c2">
         <name>.debug_info</name>
         <load_address>0x1bbcd</load_address>
         <run_address>0x1bbcd</run_address>
         <size>0x1be</size>
         <input_file_ref idref="fl-1f"/>
      </object_component>
      <object_component id="oc-c4">
         <name>.debug_info</name>
         <load_address>0x1bd8b</load_address>
         <run_address>0x1bd8b</run_address>
         <size>0x2685</size>
         <input_file_ref idref="fl-20"/>
      </object_component>
      <object_component id="oc-cb">
         <name>.debug_info</name>
         <load_address>0x1e410</load_address>
         <run_address>0x1e410</run_address>
         <size>0x2319</size>
         <input_file_ref idref="fl-21"/>
      </object_component>
      <object_component id="oc-d2">
         <name>.debug_info</name>
         <load_address>0x20729</load_address>
         <run_address>0x20729</run_address>
         <size>0x17c</size>
         <input_file_ref idref="fl-22"/>
      </object_component>
      <object_component id="oc-d4">
         <name>.debug_info</name>
         <load_address>0x208a5</load_address>
         <run_address>0x208a5</run_address>
         <size>0x35ad</size>
         <input_file_ref idref="fl-23"/>
      </object_component>
      <object_component id="oc-db">
         <name>.debug_info</name>
         <load_address>0x23e52</load_address>
         <run_address>0x23e52</run_address>
         <size>0x1204</size>
         <input_file_ref idref="fl-24"/>
      </object_component>
      <object_component id="oc-e0">
         <name>.debug_info</name>
         <load_address>0x25056</load_address>
         <run_address>0x25056</run_address>
         <size>0x1fc6</size>
         <input_file_ref idref="fl-25"/>
      </object_component>
      <object_component id="oc-e5">
         <name>.debug_info</name>
         <load_address>0x2701c</load_address>
         <run_address>0x2701c</run_address>
         <size>0xfe6</size>
         <input_file_ref idref="fl-26"/>
      </object_component>
      <object_component id="oc-ec">
         <name>.debug_info</name>
         <load_address>0x28002</load_address>
         <run_address>0x28002</run_address>
         <size>0x502</size>
         <input_file_ref idref="fl-27"/>
      </object_component>
      <object_component id="oc-f3">
         <name>.debug_info</name>
         <load_address>0x28504</load_address>
         <run_address>0x28504</run_address>
         <size>0xf92</size>
         <input_file_ref idref="fl-28"/>
      </object_component>
      <object_component id="oc-fa">
         <name>.debug_info</name>
         <load_address>0x29496</load_address>
         <run_address>0x29496</run_address>
         <size>0x3fa2</size>
         <input_file_ref idref="fl-29"/>
      </object_component>
      <object_component id="oc-103">
         <name>.debug_info</name>
         <load_address>0x2d438</load_address>
         <run_address>0x2d438</run_address>
         <size>0xe7</size>
         <input_file_ref idref="fl-2a"/>
      </object_component>
      <object_component id="oc-109">
         <name>.debug_info</name>
         <load_address>0x2d51f</load_address>
         <run_address>0x2d51f</run_address>
         <size>0x12b</size>
         <input_file_ref idref="fl-2b"/>
      </object_component>
      <object_component id="oc-10e">
         <name>.debug_info</name>
         <load_address>0x2d64a</load_address>
         <run_address>0x2d64a</run_address>
         <size>0xe5</size>
         <input_file_ref idref="fl-2c"/>
      </object_component>
      <object_component id="oc-113">
         <name>.debug_info</name>
         <load_address>0x2d72f</load_address>
         <run_address>0x2d72f</run_address>
         <size>0xeb</size>
         <input_file_ref idref="fl-2d"/>
      </object_component>
      <object_component id="oc-118">
         <name>.debug_info</name>
         <load_address>0x2d81a</load_address>
         <run_address>0x2d81a</run_address>
         <size>0xe7</size>
         <input_file_ref idref="fl-2e"/>
      </object_component>
      <object_component id="oc-11b">
         <name>.debug_info</name>
         <load_address>0x2d901</load_address>
         <run_address>0x2d901</run_address>
         <size>0x1fcb</size>
         <input_file_ref idref="fl-2f"/>
      </object_component>
      <object_component id="oc-120">
         <name>.debug_info</name>
         <load_address>0x2f8cc</load_address>
         <run_address>0x2f8cc</run_address>
         <size>0x978</size>
         <input_file_ref idref="fl-30"/>
      </object_component>
      <object_component id="oc-126">
         <name>.debug_info</name>
         <load_address>0x30244</load_address>
         <run_address>0x30244</run_address>
         <size>0x196f</size>
         <input_file_ref idref="fl-31"/>
      </object_component>
      <object_component id="oc-12c">
         <name>.debug_info</name>
         <load_address>0x31bb3</load_address>
         <run_address>0x31bb3</run_address>
         <size>0x5720</size>
         <input_file_ref idref="fl-32"/>
      </object_component>
      <object_component id="oc-132">
         <name>.debug_info</name>
         <load_address>0x372d3</load_address>
         <run_address>0x372d3</run_address>
         <size>0x5d3a</size>
         <input_file_ref idref="fl-33"/>
      </object_component>
      <object_component id="oc-137">
         <name>.debug_info</name>
         <load_address>0x3d00d</load_address>
         <run_address>0x3d00d</run_address>
         <size>0x2def</size>
         <input_file_ref idref="fl-34"/>
      </object_component>
      <object_component id="oc-13c">
         <name>.debug_info</name>
         <load_address>0x3fdfc</load_address>
         <run_address>0x3fdfc</run_address>
         <size>0x3b67</size>
         <input_file_ref idref="fl-35"/>
      </object_component>
      <object_component id="oc-141">
         <name>.debug_info</name>
         <load_address>0x43963</load_address>
         <run_address>0x43963</run_address>
         <size>0x1b48</size>
         <input_file_ref idref="fl-36"/>
      </object_component>
      <object_component id="oc-146">
         <name>.debug_info</name>
         <load_address>0x454ab</load_address>
         <run_address>0x454ab</run_address>
         <size>0x13393</size>
         <input_file_ref idref="fl-37"/>
      </object_component>
      <object_component id="oc-17a">
         <name>.debug_info</name>
         <load_address>0x5883e</load_address>
         <run_address>0x5883e</run_address>
[...]
         <object_component_ref idref="oc-12d"/>
      </symbol>
      <symbol id="sm-669">
         <name>_GpioCtrlRegs</name>
         <value>0x6f80</value>
         <object_component_ref idref="oc-169"/>
      </symbol>
      <symbol id="sm-66a">
         <name>_PieVectTable</name>
         <value>0xd00</value>
         <object_component_ref idref="oc-178"/>
      </symbol>
      <symbol id="sm-66b">
         <name>_ECap4Regs</name>
         <value>0x6a60</value>
         <object_component_ref idref="oc-15b"/>
      </symbol>
      <symbol id="sm-66c">
         <name>_CsmRegs</name>
         <value>0xae0</value>
         <object_component_ref idref="oc-14f"/>
      </symbol>
      <symbol id="sm-66d">
         <name>_ECanaLAMRegs</name>
         <value>0x6040</value>
         <object_component_ref idref="oc-16c"/>
      </symbol>
      <symbol id="sm-66e">
         <name>_ECanbMOTORegs</name>
         <value>0x62c0</value>
         <object_component_ref idref="oc-171"/>
      </symbol>
      <symbol id="sm-66f">
         <name>_EPwm4Regs</name>
         <value>0x68c0</value>
         <object_component_ref idref="oc-163"/>
      </symbol>
      <symbol id="sm-670">
         <name>_ECap5Regs</name>
         <value>0x6a80</value>
         <object_component_ref idref="oc-15c"/>
      </symbol>
      <symbol id="sm-671">
         <name>_CpuTimer1Regs</name>
         <value>0xc08</value>
         <object_component_ref idref="oc-149"/>
      </symbol>
      <symbol id="sm-672">
         <name>_SysCtrlRegs</name>
         <value>0x7010</value>
         <object_component_ref idref="oc-15f"/>
      </symbol>
      <symbol id="sm-673">
         <name>_EPwm5Regs</name>
         <value>0x6900</value>
         <object_component_ref idref="oc-164"/>
      </symbol>
      <symbol id="sm-674">
         <name>_SpiaRegs</name>
         <value>0x7040</value>
         <object_component_ref idref="oc-153"/>
      </symbol>
      <symbol id="sm-675">
         <name>_ECanaMOTSRegs</name>
         <value>0x6080</value>
         <object_component_ref idref="oc-16d"/>
      </symbol>
      <symbol id="sm-676">
         <name>_ECap6Regs</name>
         <value>0x6aa0</value>
         <object_component_ref idref="oc-15d"/>
      </symbol>
      <symbol id="sm-677">
         <name>_DmaRegs</name>
         <value>0x1000</value>
         <object_component_ref idref="oc-175"/>
      </symbol>
      <symbol id="sm-678">
         <name>_FlashRegs</name>
         <value>0xa80</value>
         <object_component_ref idref="oc-14c"/>
      </symbol>
      <symbol id="sm-679">
         <name>_CpuTimer0Regs</name>
         <value>0xc00</value>
         <object_component_ref idref="oc-148"/>
      </symbol>
      <symbol id="sm-67a">
         <name>_DevEmuRegs</name>
         <value>0x880</value>
         <object_component_ref idref="oc-174"/>
      </symbol>
      <symbol id="sm-67b">
         <name>_McbspbRegs</name>
         <value>0x5040</value>
         <object_component_ref idref="oc-168"/>
      </symbol>
      <symbol id="sm-67c">
         <name>_EPwm6Regs</name>
         <value>0x6940</value>
         <object_component_ref idref="oc-165"/>
      </symbol>
      <symbol id="sm-67d">
         <name>_SciaRegs</name>
         <value>0x7050</value>
         <object_component_ref idref="oc-150"/>
      </symbol>
      <symbol id="sm-67e">
         <name>_GpioDataRegs</name>
         <value>0x6fc0</value>
         <object_component_ref idref="oc-15e"/>
      </symbol>
      <symbol id="sm-67f">
         <name>_CsmPwl</name>
         <value>0x33fff8</value>
         <object_component_ref idref="oc-14b"/>
      </symbol>
      <symbol id="sm-680">
         <name>_AdcRegs</name>
         <value>0x7100</value>
         <object_component_ref idref="oc-156"/>
      </symbol>
      <symbol id="sm-681">
         <name>_XIntruptRegs</name>
         <value>0x7070</value>
         <object_component_ref idref="oc-154"/>
      </symbol>
      <symbol id="sm-682">
         <name>_CpuTimer2Regs</name>
         <value>0xc10</value>
         <object_component_ref idref="oc-14a"/>
      </symbol>
      <symbol id="sm-683">
         <name>_PieCtrlRegs</name>
         <value>0xce0</value>
         <object_component_ref idref="oc-155"/>
      </symbol>
      <symbol id="sm-684">
         <name>_ECanbMOTSRegs</name>
         <value>0x6280</value>
         <object_component_ref idref="oc-170"/>
      </symbol>
      <symbol id="sm-685">
         <name>_ECanaRegs</name>
         <value>0x6000</value>
         <object_component_ref idref="oc-16a"/>
      </symbol>
      <symbol id="sm-686">
         <name>_AdcMirror</name>
         <value>0xb00</value>
         <object_component_ref idref="oc-14e"/>
      </symbol>
      <symbol id="sm-687">
         <name>_ECanbMboxes</name>
         <value>0x6300</value>
         <object_component_ref idref="oc-177"/>
      </symbol>
      <symbol id="sm-688">
         <name>_XintfRegs</name>
         <value>0xb20</value>
         <object_component_ref idref="oc-157"/>
      </symbol>
      <symbol id="sm-689">
         <name>_ScicRegs</name>
         <value>0x7770</value>
         <object_component_ref idref="oc-152"/>
      </symbol>
      <symbol id="sm-68a">
         <name>_ECap1Regs</name>
         <value>0x6a00</value>
         <object_component_ref idref="oc-158"/>
      </symbol>
      <symbol id="sm-68b">
         <name>_EQep1Regs</name>
         <value>0x6b00</value>
         <object_component_ref idref="oc-172"/>
      </symbol>
      <symbol id="sm-68c">
         <name>_McbspaRegs</name>
         <value>0x5000</value>
         <object_component_ref idref="oc-167"/>
      </symbol>
      <symbol id="sm-68d">
         <name>_EPwm1Regs</name>
         <value>0x6800</value>
         <object_component_ref idref="oc-160"/>
      </symbol>
      <symbol id="sm-68e">
         <name>_ECanbRegs</name>
         <value>0x6200</value>
         <object_component_ref idref="oc-16b"/>
      </symbol>
      <symbol id="sm-68f">
         <name>_ScibRegs</name>
         <value>0x7750</value>
         <object_component_ref idref="oc-151"/>
      </symbol>
      <symbol id="sm-690">
         <name>_ECap2Regs</name>
         <value>0x6a20</value>
         <object_component_ref idref="oc-159"/>
      </symbol>
      <symbol id="sm-691">
         <name>_GpioIntRegs</name>
         <value>0x6fe0</value>
         <object_component_ref idref="oc-14d"/>
      </symbol>
      <symbol id="sm-692">
         <name>_EQep2Regs</name>
         <value>0x6b40</value>
         <object_component_ref idref="oc-173"/>
      </symbol>
      <symbol id="sm-693">
         <name>_PartIdRegs</name>
         <value>0x380090</value>
         <object_component_ref idref="oc-147"/>
      </symbol>
      <symbol id="sm-694">
         <name>_EPwm2Regs</name>
         <value>0x6840</value>
         <object_component_ref idref="oc-161"/>
      </symbol>
      <symbol id="sm-695">
         <name>_ECanaMboxes</name>
         <value>0x6100</value>
         <object_component_ref idref="oc-176"/>
      </symbol>
      <symbol id="sm-696">
         <name>_ECap3Regs</name>
         <value>0x6a40</value>
         <object_component_ref idref="oc-15a"/>
      </symbol>
      <symbol id="sm-697">
         <name>_ECanaMOTORegs</name>
         <value>0x60c0</value>
         <object_component_ref idref="oc-16e"/>
      </symbol>
      <symbol id="sm-698">
         <name>_EPwm3Regs</name>
         <value>0x6880</value>
         <object_component_ref idref="oc-162"/>
      </symbol>
      <symbol id="sm-699">
         <name>_ECanbLAMRegs</name>
         <value>0x6240</value>
         <object_component_ref idref="oc-16f"/>
      </symbol>
      <symbol id="sm-69a">
         <name>_I2caRegs</name>
         <value>0x7900</value>
         <object_component_ref idref="oc-166"/>
      </symbol>
      <symbol id="sm-6c3">
         <name>_MemCopy</name>
         <value>0x33a74b</value>
         <object_component_ref idref="oc-254"/>
      </symbol>
      <symbol id="sm-6cf">
         <name>_InitPieCtrl</name>
         <value>0x33a1ea</value>
         <object_component_ref idref="oc-269"/>
      </symbol>
      <symbol id="sm-6d0">
         <name>_EnableInterrupts</name>
         <value>0x33a209</value>
         <object_component_ref idref="oc-269"/>
      </symbol>
      <symbol id="sm-6d1">
         <name>_Init_Interrupt</name>
         <value>0x33a222</value>
         <object_component_ref idref="oc-269"/>
      </symbol>
      <symbol id="sm-6e1">
         <name>_PieVectTableInit</name>
         <value>0x33abb8</value>
         <object_component_ref idref="oc-272"/>
      </symbol>
      <symbol id="sm-6e2">
         <name>_InitPieVectTable</name>
         <value>0x33a6d7</value>
         <object_component_ref idref="oc-26a"/>
      </symbol>
      <symbol id="sm-70b">
         <name>_InitPll</name>
         <value>0x339dc0</value>
         <object_component_ref idref="oc-232"/>
      </symbol>
      <symbol id="sm-70c">
         <name>_DisableDog</name>
         <value>0x339db8</value>
         <object_component_ref idref="oc-232"/>
      </symbol>
      <symbol id="sm-70d">
         <name>_InitPeripheralClocks</name>
         <value>0x339e11</value>
         <object_component_ref idref="oc-232"/>
      </symbol>
      <symbol id="sm-70e">
         <name>_InitFlash</name>
         <value>0x8243</value>
         <object_component_ref idref="oc-255"/>
      </symbol>
      <symbol id="sm-70f">
         <name>_CsmUnlock</name>
         <value>0x339e6b</value>
         <object_component_ref idref="oc-232"/>
      </symbol>
      <symbol id="sm-710">
         <name>_ServiceDog</name>
         <value>0x339dae</value>
         <object_component_ref idref="oc-232"/>
      </symbol>
      <symbol id="sm-711">
         <name>_if_flash_init</name>
         <value>0x339d95</value>
         <object_component_ref idref="oc-232"/>
      </symbol>
      <symbol id="sm-712">
         <name>_InitSysCtrl</name>
         <value>0x339d8a</value>
         <object_component_ref idref="oc-232"/>
      </symbol>
      <symbol id="sm-71e">
         <name>_Init_XINTF</name>
         <value>0x33a0a7</value>
         <object_component_ref idref="oc-265"/>
      </symbol>
      <symbol id="sm-71f">
         <name>_InitXintf16Gpio</name>
         <value>0x33a063</value>
         <object_component_ref idref="oc-265"/>
      </symbol>
      <symbol id="sm-720">
         <name>_InitXintf</name>
         <value>0x33a00d</value>
         <object_component_ref idref="oc-265"/>
      </symbol>
      <symbol id="sm-727">
         <name>_Flash_CallbackPtr</name>
         <value>0xc646</value>
         <object_component_ref idref="oc-1ad"/>
      </symbol>
      <symbol id="sm-728">
         <name>_Flash_CPUScaleFactor</name>
         <value>0xc648</value>
         <object_component_ref idref="oc-1ad"/>
      </symbol>
      <symbol id="sm-750">
         <name>_Flash28335_Program</name>
         <value>0x8000</value>
         <object_component_ref idref="oc-1ae"/>
      </symbol>
      <symbol id="sm-759">
         <name>_Fl28x_ProgPulse</name>
         <value>0x816c</value>
         <object_component_ref idref="oc-1b3"/>
      </symbol>
      <symbol id="sm-75a">
         <name>_Fl28x_ProgVerify</name>
         <value>0x812e</value>
         <object_component_ref idref="oc-1b3"/>
      </symbol>
      <symbol id="sm-763">
         <name>_Fl28x_WatchDogDisable</name>
         <value>0x821b</value>
         <object_component_ref idref="oc-1b7"/>
      </symbol>
      <symbol id="sm-764">
         <name>_Fl28x_DisableNMI</name>
         <value>0x8223</value>
         <object_component_ref idref="oc-1b7"/>
      </symbol>
      <symbol id="sm-77b">
         <name>_Flash28335_Verify</name>
         <value>0x81ae</value>
         <object_component_ref idref="oc-1bb"/>
      </symbol>
      <symbol id="sm-785">
         <name>_Fl28x_Delay</name>
         <value>0x822f</value>
         <object_component_ref idref="oc-1c0"/>
      </symbol>
      <symbol id="sm-78d">
         <name>_Fl28x_RestoreInt</name>
         <value>0x8240</value>
         <object_component_ref idref="oc-1c4"/>
      </symbol>
      <symbol id="sm-78e">
         <name>_Fl28x_DisableInt</name>
         <value>0x823c</value>
         <object_component_ref idref="oc-1c4"/>
      </symbol>
      <symbol id="sm-79f">
         <name>_Fl28335_Init</name>
         <value>0x81f2</value>
         <object_component_ref idref="oc-1c8"/>
      </symbol>
      <symbol id="sm-7a9">
         <name>_Fl28x_FlashRegSleep</name>
         <value>0x80dc</value>
         <object_component_ref idref="oc-1cd"/>
      </symbol>
      <symbol id="sm-7aa">
         <name>_Fl28x_MaskAll</name>
         <value>0x8123</value>
         <object_component_ref idref="oc-1cd"/>
      </symbol>
      <symbol id="sm-7ab">
         <name>_Fl28x_EnterCmdMode</name>
         <value>0x80b7</value>
         <object_component_ref idref="oc-1cd"/>
      </symbol>
      <symbol id="sm-7ac">
         <name>_Fl28x_OpenPulse</name>
         <value>0x80fb</value>
         <object_component_ref idref="oc-1cd"/>
      </symbol>
      <symbol id="sm-7ad">
         <name>_Fl28x_LeaveCmdMode</name>
         <value>0x80aa</value>
         <object_component_ref idref="oc-1cd"/>
      </symbol>
      <symbol id="sm-7ae">
         <name>_Fl28x_ClosePulse</name>
         <value>0x810c</value>
         <object_component_ref idref="oc-1cd"/>
      </symbol>
      <symbol id="sm-7c9">
         <name>_c_int00</name>
         <value>0x33a566</value>
         <object_component_ref idref="oc-4e"/>
      </symbol>
      <symbol id="sm-7ca">
         <name>__stack</name>
         <value>0x400</value>
         <object_component_ref idref="oc-1d1"/>
      </symbol>
      <symbol id="sm-7db">
         <name>FS$$DIV</name>
         <value>0x33a302</value>
         <object_component_ref idref="oc-1d7"/>
      </symbol>
      <symbol id="sm-7e9">
         <name>ULL$$CMP</name>
         <value>0x33a709</value>
         <object_component_ref idref="oc-1dc"/>
      </symbol>
      <symbol id="sm-7ea">
         <name>LL$$CMP</name>
         <value>0x33a6f7</value>
         <object_component_ref idref="oc-1dc"/>
      </symbol>
      <symbol id="sm-7f8">
         <name>I$$MOD</name>
         <value>0x33a6c6</value>
         <object_component_ref idref="oc-1e1"/>
      </symbol>
      <symbol id="sm-7f9">
         <name>I$$DIV</name>
         <value>0x33a6b5</value>
         <object_component_ref idref="oc-1e1"/>
      </symbol>
      <symbol id="sm-805">
         <name>U$$MOD</name>
         <value>0x33a77e</value>
         <object_component_ref idref="oc-1e6"/>
      </symbol>
      <symbol id="sm-806">
         <name>U$$DIV</name>
         <value>0x33a779</value>
         <object_component_ref idref="oc-1e6"/>
      </symbol>
      <symbol id="sm-812">
         <name>UL$$MOD</name>
         <value>0x33a662</value>
         <object_component_ref idref="oc-1eb"/>
      </symbol>
      <symbol id="sm-813">
         <name>L$$MOD</name>
         <value>0x33a64d</value>
         <object_component_ref idref="oc-1eb"/>
      </symbol>
      <symbol id="sm-814">
         <name>L$$DIV</name>
         <value>0x33a63e</value>
         <object_component_ref idref="oc-1eb"/>
      </symbol>
      <symbol id="sm-815">
         <name>UL$$DIV</name>
         <value>0x33a65b</value>
         <object_component_ref idref="oc-1eb"/>
      </symbol>
      <symbol id="sm-824">
         <name>_copy_in</name>
         <value>0x33a691</value>
         <object_component_ref idref="oc-223"/>
      </symbol>
      <symbol id="sm-835">
         <name>_memcpy</name>
         <value>0x33a715</value>
         <object_component_ref idref="oc-22c"/>
      </symbol>
      <symbol id="sm-841">
         <name>__system_pre_init</name>
         <value>0x33a7b4</value>
         <object_component_ref idref="oc-222"/>
      </symbol>
      <symbol id="sm-84e">
         <name>__system_post_cinit</name>
         <value>0x33a7b6</value>
         <object_component_ref idref="oc-224"/>
      </symbol>
      <symbol id="sm-862">
         <name>C$$EXIT</name>
         <value>0x33a668</value>
         <object_component_ref idref="oc-226"/>
      </symbol>
      <symbol id="sm-863">
         <name>_exit</name>
         <value>0x33a66a</value>
         <object_component_ref idref="oc-226"/>
      </symbol>
      <symbol id="sm-864">
         <name>___TI_cleanup_ptr</name>
         <value>0xc630</value>
         <object_component_ref idref="oc-206"/>
      </symbol>
      <symbol id="sm-865">
         <name>___TI_enable_exit_profile_output</name>
         <value>0xc62e</value>
         <object_component_ref idref="oc-206"/>
      </symbol>
      <symbol id="sm-866">
         <name>_abort</name>
         <value>0x33a668</value>
         <object_component_ref idref="oc-226"/>
      </symbol>
      <symbol id="sm-867">
         <name>___TI_dtors_ptr</name>
         <value>0xc632</value>
         <object_component_ref idref="oc-206"/>
      </symbol>
      <symbol id="sm-87b">
         <name>__unlock</name>
         <value>0xc656</value>
         <object_component_ref idref="oc-26e"/>
      </symbol>
      <symbol id="sm-87c">
         <name>__lock</name>
         <value>0xc63e</value>
         <object_component_ref idref="oc-22e"/>
      </symbol>
      <symbol id="sm-87d">
         <name>__register_lock</name>
         <value>0x33a788</value>
         <object_component_ref idref="oc-24f"/>
      </symbol>
      <symbol id="sm-87e">
         <name>__nop</name>
         <value>0x33a78c</value>
         <object_component_ref idref="oc-24f"/>
      </symbol>
      <symbol id="sm-87f">
         <name>__register_unlock</name>
         <value>0x33a784</value>
         <object_component_ref idref="oc-24f"/>
      </symbol>
      <symbol id="sm-88e">
         <name>__args_main</name>
         <value>0x33a732</value>
         <object_component_ref idref="oc-225"/>
      </symbol>
      <symbol id="sm-8df">
         <name>__sys_memory</name>
         <value>0xc000</value>
         <object_component_ref idref="oc-218"/>
      </symbol>
      <symbol id="sm-8e0">
         <name>___TI_heap_total_available</name>
         <value>0x33941f</value>
         <object_component_ref idref="oc-25c"/>
      </symbol>
      <symbol id="sm-8e1">
         <name>_realloc</name>
         <value>0x3392e7</value>
         <object_component_ref idref="oc-25c"/>
      </symbol>
      <symbol id="sm-8e2">
         <name>___TI_heap_check</name>
         <value>0x339459</value>
         <object_component_ref idref="oc-25c"/>
      </symbol>
      <symbol id="sm-8e3">
         <name>_free</name>
         <value>0x339220</value>
         <object_component_ref idref="oc-25c"/>
      </symbol>
      <symbol id="sm-8e4">
         <name>_memalign</name>
         <value>0x33938a</value>
         <object_component_ref idref="oc-25c"/>
      </symbol>
      <symbol id="sm-8e5">
         <name>_calloc</name>
         <value>0x339363</value>
         <object_component_ref idref="oc-25c"/>
      </symbol>
      <symbol id="sm-8e6">
         <name>_malloc</name>
         <value>0x3391f5</value>
         <object_component_ref idref="oc-25c"/>
      </symbol>
      <symbol id="sm-8e7">
         <name>_aligned_alloc</name>
         <value>0x33938a</value>
         <object_component_ref idref="oc-25c"/>
      </symbol>
      <symbol id="sm-8e8">
         <name>_minit</name>
         <value>0x33935f</value>
         <object_component_ref idref="oc-25c"/>
      </symbol>
      <symbol id="sm-8e9">
         <name>___TI_heap_largest_available</name>
         <value>0x33943c</value>
         <object_component_ref idref="oc-25c"/>
      </symbol>
      <symbol id="sm-8f7">
         <name>_memset</name>
         <value>0x33a76d</value>
         <object_component_ref idref="oc-271"/>
      </symbol>
   </symbol_table>
   <title>Link successful</title>
</link_info>
